Rscript.exe : Project does not exists. Creating project...
At line:2 char:1
+ & "C:\Program Files\R\R-4.6.1\bin\Rscript.exe" build_v91.R *> build_o ...
+ ~~~~~~~~~~~~~~~~~~~~~~~~~~~~~~~~~~~~~~~~~~~~~~~~~~~~~~~~~~~~~~~~~~~~~
    + CategoryInfo          : NotSpecified: (Project does no...ting project...:String) [], RemoteException
    + FullyQualifiedErrorId : NativeCommandError
 
Database scenarios:  Reference, Reference, Reference, Reference
Start reading queries for Reference scenario
Read GDP MER by region query
About to perform query: collection()/scenario
About to perform query: collection()/scenario[ (@name='Reference' and @date='2026-8-9T10:02:43+09:00') ]/world/region[ 
(@name='USA') ]/nationalAccount/account[@name = 'GDP']/node()
In Function: 1789355942866
After Function: 1789355942948
Scenario Reference does not exist in this project.  Creating.
Read GDP per capita PPP by region query
About to perform query: collection()/scenario
About to perform query: collection()/scenario[ (@name='Reference' and @date='2026-8-9T10:02:43+09:00') ]/world/region[ 
(@name='USA') ]/nationalAccount/account[@name = 'gdp-per-capita-ppp']/node()
In Function: 1789355943590
After Function: 1789355943630
Scenario Reference does not exist in this project.  Creating.
Read National Account query
Didn't find builder for National Account query going to use defaults
About to perform query: collection()/scenario
About to perform query: collection()/scenario[ (@name='Reference' and @date='2026-8-9T10:02:43+09:00') ]/world/region[ 
(@name='USA') ]/nationalAccount[@year>1975]/account/node()
In Function: 1789355944289
After Function: 1789355944342
Scenario Reference does not exist in this project.  Creating.
Read building service costs query
About to perform query: collection()/scenario
About to perform query: collection()/scenario[ (@name='Reference' and @date='2026-8-9T10:02:43+09:00') ]/world/region[ 
(@name='USA') ]/*[@type='sector' and (@name='building' or (exists(child::keyword[@final-energy='building'])))]/ 
cost/text()
In Function: 1789355945003
After Function: 1789355945311
Scenario Reference does not exist in this project.  Creating.
Read building service output by service query
About to perform query: collection()/scenario
About to perform query: collection()/scenario[ (@name='Reference' and @date='2026-8-9T10:02:43+09:00') ]/world/region[ 
(@name='USA') ]/*[@type='sector' and (@name='building' or (exists(child::keyword[@final-energy='building'])))]// 
output-primary[@type='output' (:collapse:)]/ physical-output/node()
In Function: 1789355945900
After Function: 1789355946091
Scenario Reference does not exist in this project.  Creating.
Read building total final energy by service query
About to perform query: collection()/scenario
About to perform query: collection()/scenario[ (@name='Reference' and @date='2026-8-9T10:02:43+09:00') ]/world/region[ 
(@name='USA') ]/*[@type='sector' and (@name='building' or (exists(child::keyword[@final-energy='building'])))]// 
*[@type='input' (:collapse:)]/demand-physical/node()
In Function: 1789355946723
After Function: 1789355946941
Scenario Reference does not exist in this project.  Creating.
Read costs of transport modes query
About to perform query: collection()/scenario
About to perform query: collection()/scenario[ (@name='Reference' and @date='2026-8-9T10:02:43+09:00') ]/world/region[ 
(@name='USA') ]/*[@type='sector' and (@name='transportation' or 
(exists(child::keyword[@final-energy='transportation'])))]/ *[@type='subsector']/cost/text()
In Function: 1789355947620
After Function: 1789355947678
Scenario Reference does not exist in this project.  Creating.
Read food demand query
About to perform query: collection()/scenario
About to perform query: collection()/scenario[ (@name='Reference' and @date='2026-8-9T10:02:43+09:00') ]/world/region[ 
(@name='USA') ]/gcam-consumer[@name='FoodDemand']//*[@type='input']/demand-physical/node()
In Function: 1789355948254
After Function: 1789355948279
Scenario Reference does not exist in this project.  Creating.
Read food demand v2 query
About to perform query: collection()/scenario
About to perform query: collection()/scenario[ (@name='Reference' and @date='2026-8-9T10:02:43+09:00') ]/world/region[ 
(@name='USA') ]/ *[@type='sector' and (@name='FoodDemand_Staples' or @name='FoodDemand_NonStaples' or 
@name='FoodDemand_NonStaples_Oils' or @name='FoodDemand_NonStaples_FruitsVeg' or 
@name='FoodDemand_NonStaples_PlantProtein' or @name='FoodDemand_NonStaples_Sugar' or 
@name='FoodDemand_NonStaples_OtherCrop' or @name='FoodDemand_NonStaples_Ruminant' or 
@name='FoodDemand_NonStaples_NonRuminant' or @name='FoodDemand_NonStaples_Dairy' or 
@name='FoodDemand_NonStaples_Fish')]// *[@type='input']/demand-physical/node() 
In Function: 1789355948816
After Function: 1789355948879
Scenario Reference does not exist in this project.  Creating.
Read food demand prices query
About to perform query: collection()/scenario
About to perform query: collection()/scenario[ (@name='Reference' and @date='2026-8-9T10:02:43+09:00') ]/world/region[ 
(@name='USA') ]/gcam-consumer[@name='FoodDemand']//*[@type='input']/price-paid/node()
In Function: 1789355949500
After Function: 1789355949528
Scenario Reference does not exist in this project.  Creating.
Read food demand prices v2 query
About to perform query: collection()/scenario
About to perform query: collection()/scenario[ (@name='Reference' and @date='2026-8-9T10:02:43+09:00') ]/world/region[ 
(@name='USA') ]/ *[@type='sector' and (@name='FoodDemand_Staples' or @name='FoodDemand_NonStaples' or 
@name='FoodDemand_NonStaples_Oils' or @name='FoodDemand_NonStaples_FruitsVeg' or 
@name='FoodDemand_NonStaples_PlantProtein' or @name='FoodDemand_NonStaples_Sugar' or 
@name='FoodDemand_NonStaples_OtherCrop' or @name='FoodDemand_NonStaples_Ruminant' or 
@name='FoodDemand_NonStaples_NonRuminant' or @name='FoodDemand_NonStaples_Dairy' or 
@name='FoodDemand_NonStaples_Fish')]/cost/node() 
In Function: 1789355950128
After Function: 1789355950158
Scenario Reference does not exist in this project.  Creating.
Read food consumption by type (general) query
About to perform query: collection()/scenario
About to perform query: collection()/scenario[ (@name='Reference' and @date='2026-8-9T10:02:43+09:00') ]/world/region[ 
(@name='USA') ]/*[@type='sector' and (@name='FoodDemand_Staples' or @name='FoodDemand_NonStaples')]// 
*[@type='output']/physical-output/node()
In Function: 1789355950674
After Function: 1789355950725
Scenario Reference does not exist in this project.  Creating.
Read food consumption by type (specific) query
About to perform query: collection()/scenario
About to perform query: collection()/scenario[ (@name='Reference' and @date='2026-8-9T10:02:43+09:00') ]/world/region[ 
(@name='USA') ]/*[@type='sector' (:collapse:) and (@name='FoodDemand_Staples' or @name='FoodDemand_NonStaples' or 
@name='FoodDemand_NonStaples_Oils' or @name='FoodDemand_NonStaples_FruitsVeg' or 
@name='FoodDemand_NonStaples_PlantProtein' or @name='FoodDemand_NonStaples_Sugar' or 
@name='FoodDemand_NonStaples_OtherCrop' or @name='FoodDemand_NonStaples_Ruminant' or 
@name='FoodDemand_NonStaples_NonRuminant' or @name='FoodDemand_NonStaples_Dairy' or 
@name='FoodDemand_NonStaples_Fish')]// *[@type='subsector']//*[@type='technology']/ *[@type='output' 
(:collapse:)]/physical-output/node()
In Function: 1789355951232
After Function: 1789355951293
Scenario Reference does not exist in this project.  Creating.
Read population by region query
About to perform query: collection()/scenario
About to perform query: collection()/scenario[ (@name='Reference' and @date='2026-8-9T10:02:43+09:00') ]/world/region[ 
(@name='USA') ]/demographics/populationMiniCAM/total-population/node()
In Function: 1789355951875
After Function: 1789355951893
Scenario Reference does not exist in this project.  Creating.
Read subregional population query
About to perform query: collection()/scenario
About to perform query: collection()/scenario[ (@name='Reference' and @date='2026-8-9T10:02:43+09:00') ]/world/region[ 
(@name='USA') ]/gcam-consumer/subregional-population/node()
In Function: 1789355952457
After Function: 1789355952499
Scenario Reference does not exist in this project.  Creating.
Read subregional income query
About to perform query: collection()/scenario
About to perform query: collection()/scenario[ (@name='Reference' and @date='2026-8-9T10:02:43+09:00') ]/world/region[ 
(@name='USA') ]/gcam-consumer/subregional-percapita-income/node()
In Function: 1789355953088
After Function: 1789355953115
Scenario Reference does not exist in this project.  Creating.
Read primary energy consumption with CCS by region (direct equivalent) query
About to perform query: collection()/scenario
About to perform query:  declare function local:append-heirarchy($parent as node(), $append as node()*) as node() { 
let $scn := $parent/ancestor::scenario, $rgn := $parent (: /ancestor::region :) return document { element scenario { 
$scn/@*, element region { $rgn/@*, $append } } } (: I can get by with just the scenario and region let $new_node := 
element {local-name($parent)} {$parent/@*, $append} return if(local-name($parent) != 'scenario') then 
local:append-heirarchy($parent/parent::*, $new_node) else document { $new_node } :) }; declare function 
local:generate-sector-input-coefs($outputNameQueue as xs:string*, $currTree as node(), $coefs as node()*, $is_usa as 
xs:boolean) as node()* { if(empty($outputNameQueue)) then $coefs else if( exists($coefs[@name = $outputNameQueue[1]]) 
or exists(index-of(('biomass','traded oil', 'traded coal', 'traded natural gas', 'traded Afr_MidE pipeline gas', 
'traded LA pipeline gas', 'traded PAC pipeline gas', 'traded N.Amer pipeline gas', 'traded RUS pipeline gas', 'traded 
EUR pipeline gas', 'traded LNG', 'regional corn for ethanol', 'regional biomassOil', 'regional sugar for ethanol', 
'regional sugarbeet for ethanol', 'regional woodpulp for energy'),$outputNameQueue[1])) or 
not($currTree/*[@type='sector' and @name=$outputNameQueue[1]]))then(:if(not($is_usa) and 
string-length($currTree/@name) = 2) thenlocal:trace-inputs($outputName, $currTree/parent::*/*[@type='region' and 
@name='USA'], $outputs, true())else:)local:generate-sector-input-coefs(remove($outputNameQueue, 1), $currTree, $coefs, 
$is_usa) else let $outputName := $outputNameQueue[1], $newOutputNameQueue := remove($outputNameQueue, 1), $useOutputs 
:= $currTree//output-primary[@type='output' and @name=$outputName], $useInputs := for $out in 
$useOutputs[not(following-sibling::keyword[exists(@primary-renewable)])] return 
$out/following-sibling::*[@type='input' and not(@name='oil-credits') and not(starts-with(@name, 'water_td'))], 
$renewOutputs := for $out in $useOutputs[following-sibling::keyword[exists(@primary-renewable)]] return element output 
{ attribute name { $out/following-sibling::keyword/@primary-renewable }, $out/child::* }, $totalOutputSum := for 
$vintage in distinct-values($useOutputs/physical-output/@vintage) return element output { attribute vintage { $vintage 
}, text { sum($useOutputs/physical-output[@vintage=$vintage]) } }, $new_coefs := $coefs | element sector { attribute 
name { $outputName }, for $input in distinct-values($useInputs/@name) return element input { attribute name { $input 
}, for $outputSum in $totalOutputSum let $inputSum := 
sum($useInputs[@name=$input]/demand-physical[@vintage=$outputSum/@vintage]) where $inputSum > 0 return element coef { 
attribute vintage { $outputSum/@vintage }, text { $inputSum div $outputSum } } }, for $input in 
distinct-values($renewOutputs/@name) return element input { attribute name { concat($input, ' renewable') }, attribute 
is-renewable { true() }, for $outputSum in $totalOutputSum let $inputSum := 
sum($renewOutputs[@name=$input]/physical-output[@vintage=$outputSum/@vintage]) where $inputSum > 0 return element coef 
{ attribute vintage { $outputSum/@vintage }, text { $inputSum div $outputSum } } } } return 
local:generate-sector-input-coefs(distinct-values(($newOutputNameQueue, $useInputs/@name)), $currTree, $new_coefs, 
$is_usa)}; declare function local:generate-ccs-coefs($currTree as node(), $coefs as node()*) as node()* { for $sector 
in $coefs/@name let $currSector := $currTree/*[@type='sector' and @name=$sector], $useInputs := 
$currSector//*[@type='technology' and not(contains(@name, 'CCS')) and 
not(child::keyword/@primary-renewable)]/*[@type='input' and not(@name='oil-credits') and not(starts-with(@name, 
'water_td'))], $useInputsCCS := $currSector//*[@type='technology' and contains(@name, 'CCS')]/*[@type='input' and 
not(@name='oil-credits') and not(starts-with(@name, 'water_td'))], $totalOutputSum := for $vintage in 
distinct-values($useInputs/demand-physical/@vintage | $useInputsCCS/demand-physical/@vintage) return element output { 
attribute vintage { $vintage }, text { sum($currSector//output-primary/physical-output[@vintage=$vintage]) } } return 
if(exists($useInputsCCS)) then element sector { attribute name { $sector }, 
$coefs[@name=$sector]/input[@is-renewable], for $input in distinct-values(($useInputs/@name, $useInputsCCS/@name)) 
return element input { attribute name { $input }, for $outputSum in $totalOutputSum let $inputSum := 
sum($useInputs[@name=$input]/demand-physical[@vintage=$outputSum/@vintage]), $inputSumCCS := 
sum($useInputsCCS[@name=$input]/demand-physical[@vintage=$outputSum/@vintage]) return (element coef { attribute 
vintage { $outputSum/@vintage }, text { $inputSum div $outputSum } }, element coef_ccs { attribute vintage { 
$outputSum/@vintage }, text { $inputSumCCS div $outputSum } }) } } else $coefs[@name=$sector] }; declare function 
local:apply-coefs($outputName as xs:string, $outputs as node()*, $coefs as node()*, $isCCS as xs:boolean) as node()* { 
if(exists($coefs[@name=$outputName]) and sum($outputs) > 0.001) then for $input in $coefs[@name=$outputName]/input 
return local:apply-coefs($input/@name, for $vintage in distinct-values($outputs/@vintage) let $outputThisVintage := 
$outputs[@vintage=$vintage], $firstOutput := $outputThisVintage[1], $outputSum := sum($outputThisVintage), 
$coefThisVintage := $input/coef[@vintage=$vintage] where $coefThisVintage > 0 return element { 
local-name($firstOutput) } { $firstOutput/@*, text{ $outputSum * $coefThisVintage } }, $coefs, $isCCS) | 
local:apply-coefs($input/@name, for $vintage in distinct-values($outputs/@vintage) let $outputThisVintage := 
$outputs[@vintage=$vintage], $firstOutput := $outputThisVintage[1], $outputSum := sum($outputThisVintage), 
$coefThisVintage := $input/coef_ccs[@vintage=$vintage] where exists($coefThisVintage) and $coefThisVintage > 0 return 
element { local-name($firstOutput) } { $firstOutput/@*, text{ $outputSum * $coefThisVintage } }, $coefs, true()) else 
if( sum($outputs) > 0.001) then element input { attribute name { if($isCCS) then concat($outputName, ' CCS') else 
$outputName }, attribute type { 'input' }, (: $outputs :) (: TODO: not sure why this doesn't work and we need to 
create these explicitly :) for $o in $outputs return element demand-physical { $o/@*, text{ $o/text() } } } else (: 
These are the residuals from chasing simulenaties, I've left this here for debuging purposes :) element input { 
attribute name { $outputName }, attribute type { 'input' } (:, $outputs :) } };declare function 
local:run-input-by-primary($scenarios as xs:string*, $regions as xs:string*, $collection as xs:string*) as node()* { 
unordered { let $regionsG := if(not($regions[1] = 'Global')) then $regions else 
distinct-values(collection($collection)/scenario/world/*[@type='region']/@name) return for $scenario in $scenarios, 
$region in $regionsG let $scenario_split := tokenize($scenario, ' '), $currTree := 
collection($collection)/scenario[@name = $scenario_split[1] and @date = $scenario_split[2]]/world/*[@type='region' and 
@name=$region], $currInputs := $currTree/*[@type='sector' and (@name='unconventional oil production' or 
exists(child::keyword/@final-energy))]//*[@type='input' and empty(index-of(('trn_pass_road', 'limestone', 'process 
heat cement', 'industrial energy use', 'industrial feedstocks', 'renewable', 'trn_freight_road', 'trn_pass_road_LDV', 
'trn_pass_road_LDV_2W', 'trn_pass_road_LDV_4W', 'unconventional oil', 'oil-credits', 'scrap', 'alumina', 'process heat 
paper', 'waste biomass for paper', 'process heat food processing', 'water_td_ind_W', 'water_td_ind_C'), @name))], 
$coefs := local:generate-sector-input-coefs(distinct-values($currInputs/@name), $currTree, (), false()), $ccs_coefs := 
local:generate-ccs-coefs($currTree, $coefs) return for $inputName in distinct-values($currInputs/@name) return 
local:append-heirarchy($currTree, local:apply-coefs($inputName, $currInputs[@name=$inputName]/demand-physical, 
$ccs_coefs, false()))//text() } };local:run-input-by-primary(('Reference 2026-8-9T10:02:43+09:00'), ('USA'), ()) 
In Function: 1789355953673
After Function: 1789355965839
Scenario Reference does not exist in this project.  Creating.
Read resource production query
About to perform query: collection()/scenario
About to perform query: collection()/scenario[ (@name='Reference' and @date='2026-8-9T10:02:43+09:00') ]/world/region[ 
(@name='USA') ]/*[@type='resource']//output/node()
In Function: 1789355966413
After Function: 1789355966490
Scenario Reference does not exist in this project.  Creating.
Read resource production by tech and vintage query
About to perform query: collection()/scenario
About to perform query: collection()/scenario[ (@name='Reference' and @date='2026-8-9T10:02:43+09:00') ]/world/region[ 
(@name='USA') ]/*[@type='resource']/*[@type='subresource']/ *[@type='technology']/output-primary[@type='output' 
(:collapse:)]/physical-output/node()
In Function: 1789355967042
After Function: 1789355967112
Scenario Reference does not exist in this project.  Creating.
Read refined liquids production by cooling tech and vintage query
About to perform query: collection()/scenario
About to perform query: collection()/scenario[ (@name='Reference' and @date='2026-8-9T10:02:43+09:00') ]/world/region[ 
(@name='USA') ]/*[@type='sector' and contains(@name,'refining')]/*[@type='subsector']/ 
*[@type='technology']/*[@type='output']/physical-output/node()
In Function: 1789355967657
After Function: 1789355967682
Scenario Reference does not exist in this project.  Creating.
Read hydrogen production by cooling tech and vintage query
About to perform query: collection()/scenario
About to perform query: collection()/scenario[ (@name='Reference' and @date='2026-8-9T10:02:43+09:00') ]/world/region[ 
(@name='USA') ]/*[@type='sector' and (@name='H2 central production' or @name='H2 wholesale dispensing' or @name='H2 
industrial')]/ *[@type='subsector' and not (@name='H2 delivery')]/*[@type='technology']/*[@type='output']/ 
physical-output/node()
In Function: 1789355968208
After Function: 1789355968241
Scenario Reference does not exist in this project.  Creating.
Read regional primary energy prices query
About to perform query: collection()/scenario
About to perform query: collection()/scenario[ (@name='Reference' and @date='2026-8-9T10:02:43+09:00') ]/world/region[ 
(@name='USA') ]/*[@type = 'sector' and (@name='regional oil' or @name='regional natural gas' or @name='regional coal' 
or @name='regional biomass' or @name='nuclearFuelGenIII')]/ cost/text()
In Function: 1789355968749
After Function: 1789355968785
Scenario Reference does not exist in this project.  Creating.
Read elec gen by subsector query
About to perform query: collection()/scenario
About to perform query: collection()/scenario[ (@name='Reference' and @date='2026-8-9T10:02:43+09:00') ]/world/region[ 
(@name='USA') ]/*[@type='sector' (:collapse:) and (@name='electricity' or @name='elect_td_bld')]/ *[@type='subsector' 
and not (@name='elect_td_bld')]//*[@type='output']/ physical-output/node()
In Function: 1789355969310
After Function: 1789355969360
Scenario Reference does not exist in this project.  Creating.
Read elec gen by gen tech query
About to perform query: collection()/scenario
About to perform query: collection()/scenario[ (@name='Reference' and @date='2026-8-9T10:02:43+09:00') ]/world/region[ 
(@name='USA') ]/*[@type='sector' (:collapse:) and (@name='electricity' or @name='elect_td_bld' or @name='industrial 
energy use')]/ *[@type='subsector']/*[@type='technology' and not (@name='electricity' or @name='elect_td_bld')]/ 
*[@type='output' and (@name='electricity' or @name='elect_td_bld')]/ physical-output/node()
In Function: 1789355969903
After Function: 1789355969951
Scenario Reference does not exist in this project.  Creating.
Read elec gen by gen tech and cooling tech and vintage query
About to perform query: collection()/scenario
About to perform query: collection()/scenario[ (@name='Reference' and @date='2026-8-9T10:02:43+09:00') ]/world/region[ 
(@name='USA') ]/*[@type='sector' and (@name='electricity' or @name='elect_td_bld' or contains(@name,'elec_')) and 
not(contains(@name, 'water_td'))]/ *[@type='subsector' and not (@name='elect_td_bld')]/ *[@type='technology' and 
not(@name='biomass (conv)' or @name='biomass (conv CCS)' or @name='biomass (IGCC)' or @name='biomass (IGCC CCS)' or 
@name='coal (conv pul)' or @name='coal (conv pul CCS)' or @name='coal (IGCC)' or @name='coal (IGCC CCS)' or @name='gas 
(steam/CT)' or @name='gas (CC)' or @name='gas (CC CCS)' or @name='refined liquids (steam/CT)' or @name='refined 
liquids (CC)' or @name='refined liquids (CC CCS)' or @name='geothermal' or @name='Gen_II_LWR' or @name='Gen_III' or 
@name='CSP' or @name='CSP_storage')]/ *[@type='output']/physical-output/node() 
In Function: 1789355970496
After Function: 1789355970569
Scenario Reference does not exist in this project.  Creating.
Read refined liquids production by region query
About to perform query: collection()/scenario
About to perform query: collection()/scenario[ (@name='Reference' and @date='2026-8-9T10:02:43+09:00') ]/world/region[ 
(@name='USA') ]/*[@type='sector' (:collapse:) and (@name='refining')]// 
output-primary[@type='output']/physical-output/node()
In Function: 1789355971117
After Function: 1789355971151
Scenario Reference does not exist in this project.  Creating.
Read refined liquids production by tech query
About to perform query: collection()/scenario
About to perform query: collection()/scenario[ (@name='Reference' and @date='2026-8-9T10:02:43+09:00') ]/world/region[ 
(@name='USA') ]/*[@type='sector' and contains(@name,'refining')]/*[@type='subsector']/ 
*[@type='technology']/output-primary[@type='output']/physical-output/node()
In Function: 1789355971668
After Function: 1789355971698
Scenario Reference does not exist in this project.  Creating.
Read hydrogen production by tech query
About to perform query: collection()/scenario
About to perform query: collection()/scenario[ (@name='Reference' and @date='2026-8-9T10:02:43+09:00') ]/world/region[ 
(@name='USA') ]/*[@type='sector' and (@name='H2 central production' or @name='H2 wholesale dispensing' or @name='H2 
industrial')]/ *[@type='subsector' and not (@name='H2 delivery')]/*[@type='technology']/*[@type='output' 
(:collapse:)]/ physical-output/node()
In Function: 1789355972211
After Function: 1789355972243
Scenario Reference does not exist in this project.  Creating.
Read gas production by tech query
About to perform query: collection()/scenario
About to perform query: collection()/scenario[ (@name='Reference' and @date='2026-8-9T10:02:43+09:00') ]/world/region[ 
(@name='USA') ]/*[@type='sector' and (@name='gas processing')]/*[@type='subsector']/ 
*[@type='technology']/*[@type='output' (:collapse:)]/physical-output/node()
In Function: 1789355972776
After Function: 1789355972800
Scenario Reference does not exist in this project.  Creating.
Read district heat production by subsector (fuel) query
About to perform query: collection()/scenario
About to perform query: collection()/scenario[ (@name='Reference' and @date='2026-8-9T10:02:43+09:00') ]/world/region[ 
(@name='USA') ]/*[@type='sector' and (@name='district heat')]/*[@type='subsector']// 
*[@type='output']/physical-output/node()
In Function: 1789355973323
After Function: 1789355973352
Read final energy consumption by sector and fuel query
About to perform query: collection()/scenario
About to perform query: collection()/scenario[ (@name='Reference' and @date='2026-8-9T10:02:43+09:00') ]/world/region[ 
(@name='USA') ]/*[@type='sector' and ((@name='building' or @name='industry' or @name='transportation') or 
(exists(child::keyword/@final-energy)))]//*[@type='input' and not(@name='limestone' or @name='process heat cement' or 
@name='process heat food processing' or @name='industrial energy use' or @name='process heat paper' or @name='waste 
biomass for paper' or @name='industrial feedstocks' or @name='renewable' or contains(@name, 'trn_') or 
@name='oil-credits')]/ demand-physical[@unit='EJ']/node()
In Function: 1789355973873
After Function: 1789355974124
Scenario Reference does not exist in this project.  Creating.
Read building floorspace query
About to perform query: collection()/scenario
About to perform query: collection()/scenario[ (@name='Reference' and @date='2026-8-9T10:02:43+09:00') ]/world/region[ 
(@name='USA') ]/gcam-consumer//floorspace/node()
In Function: 1789355974722
After Function: 1789355974752
Scenario Reference does not exist in this project.  Creating.
Read industry primary output by sector query
About to perform query: collection()/scenario
About to perform query: collection()/scenario[ (@name='Reference' and @date='2026-8-9T10:02:43+09:00') ]/world/region[ 
(@name='USA') ]/*[@type='sector' and (@name='industry' or 
(exists(child::keyword[@final-energy='industry'])))]//output-primary/physical-output/node()
In Function: 1789355975297
After Function: 1789355975373
Scenario Reference does not exist in this project.  Creating.
Read industry final energy by tech and fuel query
About to perform query: collection()/scenario
About to perform query: collection()/scenario[ (@name='Reference' and @date='2026-8-9T10:02:43+09:00') ]/world/region[ 
(@name='USA') ]/*[@type='sector' and (@name='industry' or 
(exists(child::keyword[@final-energy='industry'])))]/*[@type='subsector']/*[@type='technology']/*[@type='input' and 
(@name='delivered biomass' or @name='delivered coal' or @name='district heat' or@name='H2 wholesale delivery' or 
@name='H2 wholesale dispensing' or @name='H2 industrial' or@name='elect_td_ind' or @name='wholesale gas' or 
@name='regional woodpulp for energy' or@name='refined liquids industrial' or @name='global solar 
resource')]/demand-physical/node()
In Function: 1789355975934
After Function: 1789355976030
Scenario Reference does not exist in this project.  Creating.
Read transport final energy by mode and fuel query
About to perform query: collection()/scenario
About to perform query: collection()/scenario[ (@name='Reference' and @date='2026-8-9T10:02:43+09:00') ]/world/region[ 
(@name='USA') ]/*[@type='sector' and (@name='transportation' or 
(exists(child::keyword[@final-energy='transportation'])))]/ *[@type='subsector']//*[@type='input' and not 
(@name='renewable')]/ demand-physical[@unit='EJ']/node()
In Function: 1789355976578
After Function: 1789355976650
Scenario Reference does not exist in this project.  Creating.
Read fuel prices to transport query
About to perform query: collection()/scenario
About to perform query: collection()/scenario[ (@name='Reference' and @date='2026-8-9T10:02:43+09:00') ]/world/region[ 
(@name='USA') ]/*[@type='sector' and (@name='delivered gas' or @name='delivered coal' or @name='elect_td_trn' or 
@name='refined liquids enduse' or @name='H2 wholesale dispensing' or @name='H2 retail dispensing')]/cost/text()
In Function: 1789355977190
After Function: 1789355977213
Scenario Reference does not exist in this project.  Creating.
Read elec td inputs and outputs query
About to perform query: collection()/scenario
About to perform query: collection()/scenario[ (@name='Reference' and @date='2026-8-9T10:02:43+09:00') ]/world/region[ 
(@name='USA') ]/*[@type='sector' and (@name='electricity' or @name='electricity_net_ownuse' or @name='elect_td_bld' or 
@name='elect_td_ind' or @name='elect_td_trn')]/ *[@type='subsector' (:collapse:)]/*[@type='technology' (:collapse:) 
and not (@name='rooftop_pv')]/ *[@type='output' (:collapse:)]/physical-output/node()
In Function: 1789355977717
After Function: 1789355977764
Scenario Reference does not exist in this project.  Creating.
Read regional biomass consumption query
About to perform query: collection()/scenario
About to perform query: collection()/scenario[ (@name='Reference' and @date='2026-8-9T10:02:43+09:00') ]/world/region[ 
(@name='USA') ]/*[@type='sector' and (@name='regional biomass')]//*[@type='input']/ demand-physical/node()
In Function: 1789355978281
After Function: 1789355978309
Scenario Reference does not exist in this project.  Creating.
Read ag production by crop type query
About to perform query: collection()/scenario
About to perform query: collection()/scenario[ (@name='Reference' and @date='2026-8-9T10:02:43+09:00') ]/world/region[ 
(@name='USA') ]/*[@type='sector' and (local-name()='AgSupplySector')]// output-primary/physical-output/node()
In Function: 1789355978801
After Function: 1789355979138
Scenario Reference does not exist in this project.  Creating.
Read ag export to the world center (USA) (Intl. Armington competition) query
About to perform query: collection()/scenario
About to perform query: collection()/scenario[ (@name='Reference' and @date='2026-8-9T10:02:43+09:00') ]/world/region[ 
(@name='USA') ]/*[@type='sector' and contains(@name, 
'traded')]/*[@type='subsector']//*[@type='input']/demand-physical[@unit='Mt' or @unit='billion m3']/node()
In Function: 1789355979719
After Function: 1789355979920
Scenario Reference does not exist in this project.  Creating.
Read ag import vs. domestic supply (Regional Armington competition) query
About to perform query: collection()/scenario
About to perform query: collection()/scenario[ (@name='Reference' and @date='2026-8-9T10:02:43+09:00') ]/world/region[ 
(@name='USA') ]/*[@type='sector' and (contains(@name, 'total') or contains(@name, 
'regional'))]/*[@type='subsector']//*[@type='input']/demand-physical[@unit='Mt' or @unit='billion m3']/node()
In Function: 1789355980534
After Function: 1789355980602
Scenario Reference does not exist in this project.  Creating.
Read meat and dairy production by type query
About to perform query: collection()/scenario
About to perform query: collection()/scenario[ (@name='Reference' and @date='2026-8-9T10:02:43+09:00') ]/world/region[ 
(@name='USA') ]/*[@type='sector' and (@name='Beef' or @name='SheepGoat' or @name='Pork' or @name='Dairy' or 
@name='Poultry')]// *[@type='output']/physical-output/node()
In Function: 1789355981151
After Function: 1789355981204
Scenario Reference does not exist in this project.  Creating.
Read demand balances by crop commodity query
About to perform query: collection()/scenario
About to perform query: collection()/scenario[ (@name='Reference' and @date='2026-8-9T10:02:43+09:00') ]/world/region[ 
(@name='USA') ]/*[@type='sector']//*[@type='input' and (@name='regional corn' or @name='regional fibercrop' or 
@name='regional fruits' or @name='regional legumes' or @name='regional misccrop' or @name='regional nuts_seeds' or 
@name='regional oilcrop' or @name='regional othergrain' or @name='regional oilpalm' or @name='regional rice' or 
@name='regional root_tuber' or @name='regional soybean' or @name='regional sugarcrop' or @name='regional vegetables' 
or @name='regional wheat' or @name='FodderGrass' or @name='FodderHerb' or @name='Forest' or @name='Pasture' or 
@name='regional sawnwood' or @name='regional woodpulp')]/ demand-physical/node()
In Function: 1789355981833
After Function: 1789355982290
Scenario Reference does not exist in this project.  Creating.
Read demand balances by meat and dairy commodity query
About to perform query: collection()/scenario
About to perform query: collection()/scenario[ (@name='Reference' and @date='2026-8-9T10:02:43+09:00') ]/world/region[ 
(@name='USA') ]/*[@type='sector']//*[@type='input' and (@name='regional beef' or @name='regional dairy' or 
@name='regional pork' or @name='regional poultry' or @name='regional sheepgoat' or @name='OtherMeat_Fish')]/ 
demand-physical/node()
In Function: 1789355982834
After Function: 1789355983251
Scenario Reference does not exist in this project.  Creating.
Read ammonia and N fertilizer prices query
About to perform query: collection()/scenario
About to perform query: collection()/scenario[ (@name='Reference' and @date='2026-8-9T10:02:43+09:00') ]/world/region[ 
(@name='USA') ]/*[@type='sector' and (@name='N fertilizer') or contains(@name, 'ammonia')]/cost/text()
In Function: 1789355983777
After Function: 1789355983810
Scenario Reference does not exist in this project.  Creating.
Read fertilizer consumption by region query
About to perform query: collection()/scenario
About to perform query: collection()/scenario[ (@name='Reference' and @date='2026-8-9T10:02:43+09:00') ]/world/region[ 
(@name='USA') ]/*[@type='sector' (:collapse:) and not (@name='Exports_N fertilizer')]// *[@type='input' and (@name='N 
fertilizer')]/demand-physical/node()
In Function: 1789355984331
After Function: 1789355984877
Scenario Reference does not exist in this project.  Creating.
Read purpose-grown biomass production query
About to perform query: collection()/scenario
About to perform query: collection()/scenario[ (@name='Reference' and @date='2026-8-9T10:02:43+09:00') ]/world/region[ 
(@name='USA') ]/*[@type='sector' and (@name='biomass')]//*[@type='output' (:collapse:)]/ physical-output/node()
In Function: 1789355985456
After Function: 1789355985531
Scenario Reference does not exist in this project.  Creating.
Read residue biomass production query
About to perform query: collection()/scenario
About to perform query: collection()/scenario[ (@name='Reference' and @date='2026-8-9T10:02:43+09:00') ]/world/region[ 
(@name='USA') ]/*[@type='sector' and not(@name='biomass')]//*[@type='output' and 
@name='biomass']/physical-output/node()
In Function: 1789355986085
After Function: 1789355986568
Scenario Reference does not exist in this project.  Creating.
Read MSW production query
About to perform query: collection()/scenario
About to perform query: collection()/scenario[ (@name='Reference' and @date='2026-8-9T10:02:43+09:00') ]/world/region[ 
(@name='USA') ]/*[@type='resource' and (@name='biomass')]//output/node()
In Function: 1789355987128
After Function: 1789355987151
Scenario Reference does not exist in this project.  Creating.
Read LUC emissions by region query
Didn't find builder for LUC emissions by region query going to use defaults
About to perform query: collection()/scenario
About to perform query: collection()/scenario[ (@name='Reference' and @date='2026-8-9T10:02:43+09:00') ]/world/region[ 
(@name='USA') ]//LandNode[@name='root' or @type='LandNode' (:collapse:)]// land-use-change-emission[@year>1970]/text()
In Function: 1789355987684
After Function: 1789355988079
Scenario Reference does not exist in this project.  Creating.
Read land allocation by crop and water source query
Didn't find builder for land allocation by crop and water source query going to use defaults
About to perform query: collection()/scenario
About to perform query:  declare function local:nest-land-category($leaf as node(), $level as xs:string, $child as 
node()*) as node() { let $attrMatch := $leaf/@*[name()=$level], $attrValue := if(exists($attrMatch)) then 
string($attrMatch) else "NA" return element { $level } { attribute name { $attrValue }, $child } }; declare function 
local:run-nest-land-categories($scenarios as xs:string*, $regions as xs:string*, $collection as xs:string*) as node()* 
{ let $regionsG := if(not($regions[1] = 'Global')) then $regions else 
distinct-values(collection($collection)/scenario/world/*[@type='region']/@name) return for $scenario in $scenarios, 
$region in $regionsG let $scenario_split := tokenize($scenario, ' '), $currTree := 
collection($collection)/scenario[@name = $scenario_split[1] and @date = $scenario_split[2]]/world/*[@type='region' and 
@name=$region], $landLeaves := $currTree//LandNode[@name='root' or @type='LandNode' (:collapse:)]//LandLeaf, $ret := 
document { element scenario { attribute name { $scenario_split[1] }, attribute date { $scenario_split[2] }, element 
region { attribute type { "region" }, attribute name { $region }, for $leaf in $landLeaves (: TODO: not sure why I 
have to explicitly copy the land-allocation :) let $copy := for $landAlloc in $leaf/land-allocation return element 
land-allocation { $landAlloc/@*, text { $landAlloc/text() } } (: A user could choose to nest by recursively calling 
for any of: ("crop", "land-region", "water", "mgmt-tech") :) return local:nest-land-category($leaf, "crop", 
local:nest-land-category($leaf, "water", $copy)) } } } return $ret//text() }; 
local:run-nest-land-categories(('Reference 2026-8-9T10:02:43+09:00'), ('USA'), ()) 
In Function: 1789355988843
After Function: 1789355989399
Scenario Reference does not exist in this project.  Creating.
Read aggregated land allocation query
Didn't find builder for aggregated land allocation query going to use defaults
About to perform query: collection()/scenario
About to perform query: collection()/scenario[ (@name='Reference' and @date='2026-8-9T10:02:43+09:00') ]/world/region[ 
(@name='USA') ]//LandNode[@name='root' or @type='LandNode' (:collapse:)]//land-allocation/text()
In Function: 1789355990061
After Function: 1789355990435
Scenario Reference does not exist in this project.  Creating.
Read CO2 prices query
About to perform query: collection()/scenario
About to perform query: collection()/scenario[ (@name='Reference' and @date='2026-8-9T10:02:43+09:00') 
]/world/Marketplace/market[true() and contains(@name,'CO2') and ContainedRegion[(child::text() = 'USA') ] 
]/price/node()
In Function: 1789355991031
After Function: 1789355991262
Read CO2 emissions by region query
About to perform query: collection()/scenario
About to perform query: collection()/scenario[ (@name='Reference' and @date='2026-8-9T10:02:43+09:00') ]/world/region[ 
(@name='USA') ]/*[@type = 'sector' (:collapse:) or @type = 'resource' (:collapse:)](: / *[@type = 'subresource' (: 
collapse :)] :)//*[((@name='CO2' or @name = 'CO2_FUG'))]/emissions/node()
In Function: 1789355991757
After Function: 1789355992317
Scenario Reference does not exist in this project.  Creating.
Read CO2 emissions by resource production query
About to perform query: collection()/scenario
About to perform query: collection()/scenario[ (@name='Reference' and @date='2026-8-9T10:02:43+09:00') ]/world/region[ 
(@name='USA') ]/*[@type = 'resource']//*[@type = 'GHG' and (@name = 'CO2' or @name = 'CO2_FUG')]/emissions/node()
In Function: 1789355992866
After Function: 1789355992951
Scenario Reference does not exist in this project.  Creating.
Read CO2 emissions by sector (no bio) (excluding resource production) query
About to perform query: collection()/scenario
About to perform query:  declare function local:append-heirarchy($parent as node(), $append as node()*) as node() { 
let $scn := $parent/ancestor::scenario, $rgn := $parent (: /ancestor::region :) return document { element scenario { 
$scn/@*, element region { $rgn/@*, $append } } } (: I can get by with just the scenario and region let $new_node := 
element {local-name($parent)} {$parent/@*, $append} return if(local-name($parent) != 'scenario') then 
local:append-heirarchy($parent/parent::*, $new_node) else document { $new_node } :) }; declare function 
local:get-carbon-coef($good as xs:string) as xs:decimal { let $carbonCoefs := ( <PrimaryFuelCO2Coef 
name="biomass">0</PrimaryFuelCO2Coef>, <PrimaryFuelCO2Coef name="coal">27.3</PrimaryFuelCO2Coef>, <PrimaryFuelCO2Coef 
name="crude oil">19.6</PrimaryFuelCO2Coef>, <PrimaryFuelCO2Coef name="delivered biomass">23</PrimaryFuelCO2Coef>, 
<PrimaryFuelCO2Coef name="delivered coal">27.3</PrimaryFuelCO2Coef>, <PrimaryFuelCO2Coef name="delivered 
gas">14.2</PrimaryFuelCO2Coef>, <PrimaryFuelCO2Coef name="gas pipeline">14.2</PrimaryFuelCO2Coef>, <PrimaryFuelCO2Coef 
name="gas processing">14.2</PrimaryFuelCO2Coef>, <PrimaryFuelCO2Coef name="limestone">0.08</PrimaryFuelCO2Coef>, 
<PrimaryFuelCO2Coef name="natural gas">14.2</PrimaryFuelCO2Coef>, <PrimaryFuelCO2Coef name="refined liquids 
enduse">19.6</PrimaryFuelCO2Coef>, <PrimaryFuelCO2Coef name="refined liquids industrial">19.6</PrimaryFuelCO2Coef>, 
<PrimaryFuelCO2Coef name="refining">19.6</PrimaryFuelCO2Coef>, <PrimaryFuelCO2Coef name="regional 
biomass">23</PrimaryFuelCO2Coef>, <PrimaryFuelCO2Coef name="regional biomassOil">19.6</PrimaryFuelCO2Coef>, 
<PrimaryFuelCO2Coef name="regional coal">27.3</PrimaryFuelCO2Coef>, <PrimaryFuelCO2Coef name="regional corn for 
ethanol">19.6</PrimaryFuelCO2Coef>, <PrimaryFuelCO2Coef name="regional natural gas">14.2</PrimaryFuelCO2Coef>, 
<PrimaryFuelCO2Coef name="regional oil">19.6</PrimaryFuelCO2Coef>, <PrimaryFuelCO2Coef name="regional sugar for 
ethanol">19.6</PrimaryFuelCO2Coef>, <PrimaryFuelCO2Coef name="regional woodpulp for energy">23</PrimaryFuelCO2Coef>, 
<PrimaryFuelCO2Coef name="traded unconventional oil">19.6</PrimaryFuelCO2Coef>, <PrimaryFuelCO2Coef 
name="unconventional oil">21.1</PrimaryFuelCO2Coef>, <PrimaryFuelCO2Coef name="unconventional oil 
production">19.6</PrimaryFuelCO2Coef>, <PrimaryFuelCO2Coef name="wholesale gas">14.2</PrimaryFuelCO2Coef>), $currCoef 
:= $carbonCoefs[@name=$good]/text() return if(exists($currCoef)) then $currCoef else 0.0 }; declare function 
local:is-carbonatious-fuel($good as xs:string) as xs:boolean { not(local:get-carbon-coef($good) = 0.0) }; declare 
function local:generate-sector-output-coefs($inputNameQueue as xs:string*, $currTree as node(), $coefs as node()*, 
$is_usa as xs:boolean) as node()* { if(empty($inputNameQueue)) then $coefs else if( exists($coefs[@name = 
$inputNameQueue[1]]) or exists(index-of(('traded unconventional oil'), $inputNameQueue[1])) or 
not($currTree/*[@type='sector' and @name=$inputNameQueue[1]]) or not(local:is-carbonatious-fuel($inputNameQueue[1]))) 
then local:generate-sector-output-coefs(remove($inputNameQueue, 1), $currTree, $coefs, $is_usa) else let $inputName := 
$inputNameQueue[1], $newInputNameQueue := remove($inputNameQueue, 1), $useInputs := $currTree//*[@type='input' and 
@name=$inputName], $useSectors := distinct-values($useInputs/ancestor::*[@type='sector']/@name), $totalInputSum := for 
$vintage in distinct-values($useInputs/demand-physical/@vintage) return element input { attribute vintage { $vintage 
}, text { sum($useInputs/demand-physical[@vintage=$vintage]) } }, $new_coefs := if(empty($useSectors)) then $coefs 
else $coefs | element sector { attribute name { $inputName }, for $output in $useSectors return element output { 
attribute name { $output }, for $inputSum in $totalInputSum let $currSectorInputs := 
$useInputs[ancestor::*[@type='sector' and @name=$output]], $outputSum := 
sum($currSectorInputs/demand-physical[@vintage=$inputSum/@vintage]), $carbonIn := 
sum($currSectorInputs/parent::*//carbon-content[@vintage=$inputSum/@vintage]), $carbonOut := 
sum($currSectorInputs/parent::*/output-primary/physical-output[@vintage=$inputSum/@vintage]) * 
local:get-carbon-coef($output) return (element share { attribute vintage { $inputSum/@vintage }, text { $outputSum div 
$inputSum } }, element carbon_ratio { attribute vintage { $inputSum/@vintage }, text{ if($carbonIn > 0) then 
$carbonOut div $carbonIn else 0 } }) } } return 
local:generate-sector-output-coefs(distinct-values(($newInputNameQueue, $useSectors)), $currTree, $new_coefs, $is_usa) 
}; declare function local:apply-coefs($outputName as xs:string, $emissions as node()*, $coefs as node()*) as node()* { 
if(exists($coefs[@name=$outputName]) and abs(sum($emissions)) > 0.001) then for $output in 
$coefs[@name=$outputName]/output let $emiss_go := for $year in distinct-values($emissions/@year) let $emissThisVintage 
:= $emissions[@year=$year], $firstEmiss := $emissThisVintage[1], $emissSum := sum($emissThisVintage), 
$shareThisVintage := $output/share[@vintage=$year], $carbonRatioThisVintage := $output/carbon_ratio[@vintage=$year], 
$coefThisVintage := $shareThisVintage * $carbonRatioThisVintage where $coefThisVintage > 0 return element { 
local-name($firstEmiss) } { $firstEmiss/@*, text{ $emissSum * $coefThisVintage } }, $emiss_stay := for $year in 
distinct-values($emissions/@year) let $emissThisVintage := $emissions[@year=$year], $firstEmiss := 
$emissThisVintage[1], $emissSum := sum($emissThisVintage), $shareThisVintage := $output/share[@vintage=$year], 
$carbonRatioThisVintage := 1.0 - $output/carbon_ratio[@vintage=$year], $coefThisVintage := $shareThisVintage * 
$carbonRatioThisVintage where $coefThisVintage > 0 return element { local-name($firstEmiss) } { $firstEmiss/@*, text{ 
$emissSum * $coefThisVintage } } return local:apply-coefs($output/@name, $emiss_go, $coefs) | element sector { 
attribute name { $output/@name}, attribute type { 'sector' }, $emiss_stay } else if( abs(sum($emissions)) > 0.001) 
then element sector { attribute name { $outputName }, attribute type { 'sector' }, $emissions } else (: These are the 
residuals from chasing simulenaties, I've left this here for debuging purposes :) element sector { attribute name { 
$outputName }, attribute type { 'sector' }(:, $emissions:) } }; declare function local:run-emiss-by-enduse($scenarios 
as xs:string*, $regions as xs:string*, $collection as xs:string*) as node()* { (:unordered { :) let $regionsG := 
if(not($regions[1] = 'Global')) then $regions else 
distinct-values(collection($collection)/scenario/world/*[@type='region']/@name) return for $scenario in $scenarios, 
$region in $regionsG let $scenario_split := tokenize($scenario, ' '), $currTree := 
collection($collection)/scenario[@name = $scenario_split[1] and @date = $scenario_split[2]]/world/*[@type='region' and 
@name=$region], $sector_emiss := $currTree/*[@type='sector' and not(@name='regional biomass' or @name='regional 
biomassOil' or @name='regional corn for ethanol' or @name='regional sugar for ethanol' or @name='regional sugarbeet 
for ethanol' or @name='regional woodpulp for energy')]//CO2[@type='GHG' (:collapse:) and 
@name='CO2']/emissions/text(), $currEmissSectors := $currTree/*[@type='sector' and (@name='regional biomass' or 
@name='regional biomassOil' or @name='regional corn for ethanol' or @name='regional sugar for ethanol' or 
@name='regional sugarbeet for ethanol' or @name='regional woodpulp for energy')], $coefs := 
local:generate-sector-output-coefs(distinct-values($currEmissSectors/@name), $currTree, (), false()), 
$downstream_emiss := for $sectorName in distinct-values($currEmissSectors/@name) return 
local:append-heirarchy($currTree, local:apply-coefs($sectorName, $currEmissSectors[@name=$sectorName]//CO2[@name='CO2' 
or @name='CO2_FUG']/emissions, $coefs))//text() return ($sector_emiss, $downstream_emiss ) (: } :) }; 
local:run-emiss-by-enduse(('Reference 2026-8-9T10:02:43+09:00'), ('USA'), ()) 
In Function: 1789355993513
After Function: 1789356001018
Scenario Reference does not exist in this project.  Creating.
Read CO2 emissions by sector (excluding resource production) query
About to perform query: collection()/scenario
About to perform query: collection()/scenario[ (@name='Reference' and @date='2026-8-9T10:02:43+09:00') ]/world/region[ 
(@name='USA') ]/*[@type = 'sector']//*[@type = 'GHG' and (@name = 'CO2' or @name = 'CO2_FUG')]/emissions/node()
In Function: 1789356001799
After Function: 1789356002234
Scenario Reference does not exist in this project.  Creating.
Read CO2 emissions by region query
About to perform query: collection()/scenario
About to perform query: collection()/scenario[ (@name='Reference' and @date='2026-8-9T10:02:43+09:00') ]/world/region[ 
(@name='USA') ]/*[@type = 'sector' (:collapse:) or @type = 'resource' (:collapse:)](: / *[@type = 'subresource' (: 
collapse :)] :)//*[((@name='CO2' or @name = 'CO2_FUG'))]/emissions/node()
In Function: 1789356002801
After Function: 1789356003333
Scenario Reference does not exist in this project.  Creating.
Read CO2 emissions by tech (excluding resource production) query
About to perform query: collection()/scenario
About to perform query: collection()/scenario[ (@name='Reference' and @date='2026-8-9T10:02:43+09:00') ]/world/region[ 
(@name='USA') ]/*[@type = 'sector' ]/*[@type='subsector']/*[@type='technology']//*[@type = 'GHG' and (@name = 'CO2' or 
@name = 'CO2_FUG')]/emissions/node()
In Function: 1789356003899
After Function: 1789356004349
Scenario Reference does not exist in this project.  Creating.
Read CO2 sequestration by tech query
About to perform query: collection()/scenario
About to perform query: collection()/scenario[ (@name='Reference' and @date='2026-8-9T10:02:43+09:00') ]/world/region[ 
(@name='USA') ]/*[@type = 'sector' ]/*[@type='subsector']/*[@type='technology']//*[@type = 'GHG' and (@name = 'CO2' or 
@name = 'CO2_FUG')]/emissions-sequestered/node()
In Function: 1789356004964
After Function: 1789356005367
Scenario Reference does not exist in this project.  Creating.
Read CO2 concentrations query
About to perform query: collection()/scenario
About to perform query: collection()/scenario[ (@name='Reference' and @date='2026-8-9T10:02:43+09:00') 
]/world/climate-model/CO2-concentration/text()
In Function: 1789356005901
After Function: 1789356005926
Scenario Reference does not exist in this project.  Creating.
Read global mean temperature query
About to perform query: collection()/scenario
About to perform query: collection()/scenario[ (@name='Reference' and @date='2026-8-9T10:02:43+09:00') 
]/world/climate-model/global-mean-surface-temperature/text()
In Function: 1789356006440
After Function: 1789356006465
Scenario Reference does not exist in this project.  Creating.
Read total climate forcing query
About to perform query: collection()/scenario
About to perform query: collection()/scenario[ (@name='Reference' and @date='2026-8-9T10:02:43+09:00') 
]/world/climate-model/forcing-total/text()
In Function: 1789356006996
After Function: 1789356007018
Scenario Reference does not exist in this project.  Creating.
Read prices by sector query
About to perform query: collection()/scenario
About to perform query: collection()/scenario[ (@name='Reference' and @date='2026-8-9T10:02:43+09:00') ]/world/region[ 
(@name='USA') ]/*[@type = 'sector']/cost/text()
In Function: 1789356007534
After Function: 1789356007664
Scenario Reference does not exist in this project.  Creating.
Read costs by subsector query
About to perform query: collection()/scenario
About to perform query: collection()/scenario[ (@name='Reference' and @date='2026-8-9T10:02:43+09:00') ]/world/region[ 
(@name='USA') ]/*[@type='sector' and (local-name()!='AgSupplySector')]/*[@type = 'subsector']/cost/text()
In Function: 1789356008275
After Function: 1789356008430
Scenario Reference does not exist in this project.  Creating.
Read supply of all markets query
About to perform query: collection()/scenario
About to perform query: collection()/scenario[ (@name='Reference' and @date='2026-8-9T10:02:43+09:00') 
]/world/Marketplace/market[true() and ContainedRegion[(child::text() = 'USA') ] ]/supply/node()
In Function: 1789356009084
After Function: 1789356009456
Scenario Reference does not exist in this project.  Creating.
Read prices of all markets query
About to perform query: collection()/scenario
About to perform query: collection()/scenario[ (@name='Reference' and @date='2026-8-9T10:02:43+09:00') 
]/world/Marketplace/market[true() and ContainedRegion[(child::text() = 'USA') ] ]/price/node()
In Function: 1789356010086
After Function: 1789356010479
Scenario Reference does not exist in this project.  Creating.
Read inputs by sector query
About to perform query: collection()/scenario
About to perform query: collection()/scenario[ (@name='Reference' and @date='2026-8-9T10:02:43+09:00') ]/world/region[ 
(@name='USA') ]/*[@type='sector']//*[@type='input']/demand-physical/node()
In Function: 1789356011120
After Function: 1789356011924
Scenario Reference does not exist in this project.  Creating.
Read inputs by tech query
About to perform query: collection()/scenario
About to perform query: collection()/scenario[ (@name='Reference' and @date='2026-8-9T10:02:43+09:00') ]/world/region[ 
(@name='USA') ]/*[@type='sector']/*[@type='subsector']/*[@type='technology']/*[@type='input']/demand-physical/node()
In Function: 1789356012739
After Function: 1789356013383
Scenario Reference does not exist in this project.  Creating.
Read transport service output by mode query
About to perform query: collection()/scenario
About to perform query: collection()/scenario[ (@name='Reference' and @date='2026-8-9T10:02:43+09:00') ]/world/region[ 
(@name='USA') ]/*[@type='sector' and (@name='transportation' or 
(exists(child::keyword[@final-energy='transportation'])))]/ *[@type='subsector']//*[@type='output' (:collapse:) and 
not(@name='CAFEcredit')]/ physical-output/node()
In Function: 1789356014559
After Function: 1789356014630
Scenario Reference does not exist in this project.  Creating.
Read nonCO2 emissions by resource production query
About to perform query: collection()/scenario
About to perform query: collection()/scenario[ (@name='Reference' and @date='2026-8-9T10:02:43+09:00') ]/world/region[ 
(@name='USA') ]/*[@type = 'resource']//*[@type = 'GHG' and @name != 'CO2' and @name != 'CO2_FUG']/emissions/node()
In Function: 1789356015327
After Function: 1789356015409
Scenario Reference does not exist in this project.  Creating.
Read regional iron and steel sources query
About to perform query: collection()/scenario
About to perform query: collection()/scenario[ (@name='Reference' and @date='2026-8-9T10:02:43+09:00') ]/world/region[ 
(@name='USA') ]/*[@type='sector' and contains(@name, 'regional iron and 
steel')]/*[@type='subsector']//*[@type='input']/demand-physical/node()
In Function: 1789356015995
After Function: 1789356016016
Scenario Reference does not exist in this project.  Creating.
Read iron and steel prices query
About to perform query: collection()/scenario
About to perform query: collection()/scenario[ (@name='Reference' and @date='2026-8-9T10:02:43+09:00') ]/world/region[ 
(@name='USA') ]/*[@type='sector' and (@name='iron and steel')]/cost/text()
In Function: 1789356016552
After Function: 1789356016579
Scenario Reference does not exist in this project.  Creating.
Read traded iron and steel query
About to perform query: collection()/scenario
About to perform query: collection()/scenario[ (@name='Reference' and @date='2026-8-9T10:02:43+09:00') ]/world/region[ 
(@name='USA') ]/*[@type='sector' and contains(@name, 'traded iron and 
steel')]/*[@type='subsector']//*[@type='input']/demand-physical/node()
In Function: 1789356017089
After Function: 1789356017137
Scenario Reference does not exist in this project.  Creating.
Read chemical prices query
About to perform query: collection()/scenario
About to perform query: collection()/scenario[ (@name='Reference' and @date='2026-8-9T10:02:43+09:00') ]/world/region[ 
(@name='USA') ]/*[@type='sector' and (@name='chemical')]/cost/text()
In Function: 1789356017675
After Function: 1789356017698
Scenario Reference does not exist in this project.  Creating.
Read aluminum prices query
About to perform query: collection()/scenario
About to perform query: collection()/scenario[ (@name='Reference' and @date='2026-8-9T10:02:43+09:00') ]/world/region[ 
(@name='USA') ]/*[@type='sector' and (@name='aluminum')]/cost/text()
In Function: 1789356018215
After Function: 1789356018234
Scenario Reference does not exist in this project.  Creating.
Read paper prices query
About to perform query: collection()/scenario
About to perform query: collection()/scenario[ (@name='Reference' and @date='2026-8-9T10:02:43+09:00') ]/world/region[ 
(@name='USA') ]/*[@type='sector' and (@name='paper')]/cost/text()
In Function: 1789356018759
After Function: 1789356018783
Scenario Reference does not exist in this project.  Creating.
Read water withdrawals by subsector query
About to perform query: collection()/scenario
About to perform query: collection()/scenario[ (@name='Reference' and @date='2026-8-9T10:02:43+09:00') ]/world/region[ 
(@name='USA') ]/*[@type='sector' and not(contains(@name, 'water_td'))]/*[@type='subsector']//*[@type='input' 
(:collapse:) and contains(@name,'water_td') and ends-with(@name,'_W')]/demand-physical/node()
In Function: 1789356019283
After Function: 1789356019762
Scenario Reference does not exist in this project.  Creating.
Read water consumption by subsector query
About to perform query: collection()/scenario
About to perform query: collection()/scenario[ (@name='Reference' and @date='2026-8-9T10:02:43+09:00') ]/world/region[ 
(@name='USA') ]/*[@type='sector' and not(contains(@name, 'water_td'))]/*[@type='subsector']//*[@type='input' 
(:collapse:) and contains(@name,'water_td') and ends-with(@name,'_C')]/demand-physical/node()
In Function: 1789356020350
After Function: 1789356020850
Scenario Reference does not exist in this project.  Creating.
Read transport service output by tech and vintage query
About to perform query: collection()/scenario
About to perform query: collection()/scenario[ (@name='Reference' and @date='2026-8-9T10:02:43+09:00') ]/world/region[ 
(@name='USA') ]/*[@type='sector' and (@name='transportation' or 
(exists(child::keyword[@final-energy='transportation'])))]/ 
*[@type='subsector']/*[@type='technology']/*[@type='output' (:collapse:) and not (@name='CAFEcredit')]/ 
physical-output/node()
In Function: 1789356021466
After Function: 1789356021533
Scenario Reference does not exist in this project.  Creating.
Read capital investment demands by tech query
About to perform query: collection()/scenario
About to perform query: collection()/scenario[ (@name='Reference' and @date='2026-8-9T10:02:43+09:00') ]/world/region[ 
(@name='USA') ]/*[@type='sector']/*[@type = 'subsector']/*[@type = 'technology']/*[@type='input' (: collapse 
:)]/capital/text()
In Function: 1789356022093
After Function: 1789356022434
Scenario Reference does not exist in this project.  Creating.
Database scenarios:  Reference, Reference, Reference, Reference
About to perform query: collection()/scenario
About to perform query: collection()/scenario[ (@name='Reference' and @date='2026-8-9T10:02:43+09:00') ]/world/region[ 
(@name='USA') ]/*[@type = 'sector']/*[@type = 'subsector']//*[@type = 'GHG' and (@name = 'BC' or @name = 'BC_AWB' or 
@name = 'C2F6' or @name = 'CF4' or @name = 'CH4' or @name = 'CH4_AGR' or @name = 'CH4_AWB' or @name = 'CO' or @name = 
'CO_AWB' or @name = 'H2' or @name = 'H2_AWB' or @name = 'HFC125' or @name = 'HFC134a' or @name = 'HFC143a' or @name = 
'HFC152a' or @name = 'HFC227ea' or @name = 'HFC23' or @name = 'HFC236fa' or @name = 'HFC245fa' or @name = 'HFC32' or 
@name = 'HFC365mfc')]/emissions/node()
In Function: 1789356023468
After Function: 1789356024118
Rows: 69803 Columns: 8
── Column specification ────────────────────────────────────────────────────────
Delimiter: ","
chr (6): Units, scenario, region, sector, subsector, GHG
dbl (2): Year, value

ℹ Use `spec()` to retrieve the full column specification for this data.
ℹ Specify the column types or set `show_col_types = FALSE` to quiet this message.
Scenario Reference does not exist in this project.  Creating.
Database scenarios:  Reference, Reference, Reference, Reference
About to perform query: collection()/scenario
About to perform query: collection()/scenario[ (@name='Reference' and @date='2026-8-9T10:02:43+09:00') ]/world/region[ 
(@name='USA') ]/*[@type = 'sector']/*[@type = 'subsector']//*[@type = 'GHG' and (@name = 'HFC43' or @name = 'N2O' or 
@name = 'N2O_AGR' or @name = 'N2O_AWB' or @name = 'NH3' or @name = 'NH3_AGR' or @name = 'NH3_AWB' or @name = 'NMVOC' 
or @name = 'NMVOC_AGR' or @name = 'NMVOC_AWB' or @name = 'NOx' or @name = 'NOx_AGR' or @name = 'NOx_AWB' or @name = 
'OC' or @name = 'OC_AWB' or @name = 'PM10' or @name = 'PM2.5' or @name = 'SF6' or @name = 'SO2_1' or @name = 
'SO2_1_AWB' or @name = 'SO2_2')]/emissions/node()
In Function: 1789356025354
After Function: 1789356026179
Rows: 151923 Columns: 8
── Column specification ────────────────────────────────────────────────────────
Delimiter: ","
chr (6): Units, scenario, region, sector, subsector, GHG
dbl (2): Year, value

ℹ Use `spec()` to retrieve the full column specification for this data.
ℹ Specify the column types or set `show_col_types = FALSE` to quiet this message.
Scenario Reference does not exist in this project.  Creating.
Database scenarios:  Reference, Reference, Reference, Reference
About to perform query: collection()/scenario
About to perform query: collection()/scenario[ (@name='Reference' and @date='2026-8-9T10:02:43+09:00') ]/world/region[ 
(@name='USA') ]/*[@type = 'sector']/*[@type = 'subsector']//*[@type = 'GHG' and (@name = 'SO2_2_AWB' or @name = 
'SO2_3' or @name = 'SO2_3_AWB' or @name = 'SO2_4' or @name = 'SO2_4_AWB')]/emissions/node()
In Function: 1789356027641
After Function: 1789356028032
Rows: 0 Columns: 0

ℹ Use `spec()` to retrieve the full column specification for this data.
ℹ Specify the column types or set `show_col_types = FALSE` to quiet this message.
Scenario Reference does not exist in this project.  Creating.
Database scenarios:  Reference, Reference, Reference, Reference
About to perform query: collection()/scenario
About to perform query: collection()/scenario[ (@name='Reference' and @date='2026-8-9T10:02:43+09:00') ]/world/region[ 
(@name='USA') ]/*[@type = 'sector' (:collapse:) or @type = 'resource' (:collapse:)](: / *[@type = 'subresource' (: 
collapse :)] :)// *[@type = 'GHG' and (@name = 'BC' or @name = 'BC_AWB' or @name = 'C2F6' or @name = 'CF4' or @name = 
'CH4' or @name = 'CH4_AGR' or @name = 'CH4_AWB' or @name = 'CO' or @name = 'CO_AWB' or @name = 'H2' or @name = 
'H2_AWB' or @name = 'HFC125' or @name = 'HFC134a' or @name = 'HFC143a' or @name = 'HFC152a' or @name = 'HFC227ea' or 
@name = 'HFC23' or @name = 'HFC236fa' or @name = 'HFC245fa' or @name = 'HFC32' or @name = 
'HFC365mfc')]/emissions/node()
In Function: 1789356029048
After Function: 1789356029741
Rows: 70120 Columns: 6
── Column specification ────────────────────────────────────────────────────────
Delimiter: ","
chr (4): Units, scenario, region, GHG
dbl (2): Year, value

ℹ Use `spec()` to retrieve the full column specification for this data.
ℹ Specify the column types or set `show_col_types = FALSE` to quiet this message.
Scenario Reference does not exist in this project.  Creating.
Database scenarios:  Reference, Reference, Reference, Reference
About to perform query: collection()/scenario
About to perform query: collection()/scenario[ (@name='Reference' and @date='2026-8-9T10:02:43+09:00') ]/world/region[ 
(@name='USA') ]/*[@type = 'sector' (:collapse:) or @type = 'resource' (:collapse:)](: / *[@type = 'subresource' (: 
collapse :)] :)// *[@type = 'GHG' and (@name = 'HFC43' or @name = 'N2O' or @name = 'N2O_AGR' or @name = 'N2O_AWB' or 
@name = 'NH3' or @name = 'NH3_AGR' or @name = 'NH3_AWB' or @name = 'NMVOC' or @name = 'NMVOC_AGR' or @name = 
'NMVOC_AWB' or @name = 'NOx' or @name = 'NOx_AGR' or @name = 'NOx_AWB' or @name = 'OC' or @name = 'OC_AWB' or @name = 
'PM10' or @name = 'PM2.5' or @name = 'SF6' or @name = 'SO2_1' or @name = 'SO2_1_AWB' or @name = 
'SO2_2')]/emissions/node()
In Function: 1789356030912
After Function: 1789356031744
Rows: 152630 Columns: 6
── Column specification ────────────────────────────────────────────────────────
Delimiter: ","
chr (4): Units, scenario, region, GHG
dbl (2): Year, value

ℹ Use `spec()` to retrieve the full column specification for this data.
ℹ Specify the column types or set `show_col_types = FALSE` to quiet this message.
Scenario Reference does not exist in this project.  Creating.
Database scenarios:  Reference, Reference, Reference, Reference
About to perform query: collection()/scenario
About to perform query: collection()/scenario[ (@name='Reference' and @date='2026-8-9T10:02:43+09:00') ]/world/region[ 
(@name='USA') ]/*[@type = 'sector' (:collapse:) or @type = 'resource' (:collapse:)](: / *[@type = 'subresource' (: 
collapse :)] :)// *[@type = 'GHG' and (@name = 'SO2_2_AWB' or @name = 'SO2_3' or @name = 'SO2_3_AWB' or @name = 
'SO2_4' or @name = 'SO2_4_AWB')]/emissions/node()
In Function: 1789356032972
After Function: 1789356033394
Rows: 0 Columns: 0

ℹ Use `spec()` to retrieve the full column specification for this data.
ℹ Specify the column types or set `show_col_types = FALSE` to quiet this message.
Scenario Reference does not exist in this project.  Creating.
Scenario Reference does not exist in this project.  Creating.
rgcam project saved in 
C:/Users/pjhan/Desktop/GCAM/gcam-v9.1-Windows-Release-Package/output/database_basexdb_fork_v9.1_test_USA.dat
Loading data, performing checks, and saving output...
[1] "biomass_shares"
[1] "ag_demand_clean"
[1] "ag_weights"
[1] "ag_price_wld"
[1] "ag_price_clean"
Joining with `by = join_by(scenario, region, sector, var, year)`
[1] "ag_production_clean"
[1] "capital_stock_clean"
[1] "capital_formation_clean"
[1] "nonbio_diff"
[1] "co2_emiss"
[1] "LUC_emiss"
[1] "co2_emissions_clean"
[1] "price_var"
[1] "regions.global"
[1] "co2_ets_bysec"
[1] "co2_price_share_bysec"
[1] "co2_price_fragmented"
[1] "co2_price_global"
[1] "co2_price_clean"
[1] "refliq_bioshare"
[1] "co2_sequestration_clean"
[1] "consumption_hh_clean"
[1] "secondary_solids"
[1] "secondary_energy_clean"
Warning messages:
1: In create_project(db_path = db_path, db_name = db_name, prj_name = prj_name,  :
  district heat production by subsector (fuel) query is empty!
2: In create_project(db_path = db_path, db_name = db_name, prj_name = prj_name,  :
  CO2 prices query is empty!
3: In rgcam::mergeProjects(prj_name, list(prj, prj_tmp), clobber = FALSE,  :
  Skipping data in Reference / CO2 emissions by region as clobber is false.


=== RESULT: ERROR: The 'district heat production by subsector (fuel)' query is unavailable in your project but necessary to standardize the output. Please, ensure the query is valid and not returning empty results. ===
