Rscript.exe : 
At line:2 char:1
+ & "C:\Program Files\R\R-4.6.1\bin\Rscript.exe" build_v91.R 2>&1 | Tee ...
+ ~~~~~~~~~~~~~~~~~~~~~~~~~~~~~~~~~~~~~~~~~~~~~~~~~~~~~~~~~~~~~~~
    + CategoryInfo          : NotSpecified: (:String) [], RemoteException
    + FullyQualifiedErrorId : NativeCommandError
 
Attaching package: 'usethis'

The following object is masked from 'package:gcamreport':

    create_project


Attaching package: 'magrittr'

The following objects are masked from 'package:testthat':

    equals, is_less_than, not

✔ Setting active project to
  "C:/Users/pjhan/Desktop/git/iam_models/GCAM/gcamreport/gcamreport-fork/gcamreport".
✔ Saving "GDP_PPP_OECD_pc_av" to "data/GDP_PPP_OECD_pc_av.rda".
☐ Document your data (see <https://r-pkgs.org/data.html>).
✔ Saving "scen_ref_patterns" to "data/scen_ref_patterns.rda".
☐ Document your data (see <https://r-pkgs.org/data.html>).
✔ Saving "ghg_GWP_AR4" to "data/ghg_GWP_AR4.rda".
☐ Document your data (see <https://r-pkgs.org/data.html>).
✔ Saving "ghg_GWP_AR5" to "data/ghg_GWP_AR5.rda".
☐ Document your data (see <https://r-pkgs.org/data.html>).
✔ Saving "ghg_GWP_AR6" to "data/ghg_GWP_AR6.rda".
☐ Document your data (see <https://r-pkgs.org/data.html>).
✔ Saving "long_columns" to "data/long_columns.rda".
☐ Document your data (see <https://r-pkgs.org/data.html>).
✔ Saving "deciles_GCAM_versions" to "data/deciles_GCAM_versions.rda".
☐ Document your data (see <https://r-pkgs.org/data.html>).
✔ Saving "available_GCAM_versions" to "data/available_GCAM_versions.rda".
☐ Document your data (see <https://r-pkgs.org/data.html>).
✔ Saving "available_GWP_versions" to "data/available_GWP_versions.rda".
☐ Document your data (see <https://r-pkgs.org/data.html>).
✔ Saving "GCAM_regions_number" to "data/GCAM_regions_number.rda".
☐ Document your data (see <https://r-pkgs.org/data.html>).
✔ Saving "global_vet_values" to "data/global_vet_values.rda".
☐ Document your data (see <https://r-pkgs.org/data.html>).
✔ Saving "en_blocks" to "data/en_blocks.rda".
☐ Document your data (see <https://r-pkgs.org/data.html>).
✔ Saving "water_content" to "data/water_content.rda".
☐ Document your data (see <https://r-pkgs.org/data.html>).
✔ Saving "nonco2_emissions_list_v9.1" to "data/nonco2_emissions_list_v9.1.rda".
☐ Document your data (see <https://r-pkgs.org/data.html>).
Rows: 33 Columns: 2
── Column specification ────────────────────────────────────────────────────────
Delimiter: ","
chr (2): continent, region

ℹ Use `spec()` to retrieve the full column specification for this data.
ℹ Specify the column types or set `show_col_types = FALSE` to quiet this message.
✔ Saving "reg_cont_v9.1" to "data/reg_cont_v9.1.rda".
☐ Document your data (see <https://r-pkgs.org/data.html>).
Rows: 87 Columns: 9
── Column specification ────────────────────────────────────────────────────────
Delimiter: ","
chr (7): sector, var1, var2, var3, var4, var5, var6
dbl (1): unit_conv
lgl (1): var7

ℹ Use `spec()` to retrieve the full column specification for this data.
ℹ Specify the column types or set `show_col_types = FALSE` to quiet this message.
✔ Saving "co2_ets_sector_map_v9.1" to "data/co2_ets_sector_map_v9.1.rda".
☐ Document your data (see <https://r-pkgs.org/data.html>).
Rows: 326 Columns: 13
── Column specification ────────────────────────────────────────────────────────
Delimiter: ","
chr (11): sector, subsector, technology, var1, var2, var3, var4, var5, var6,...
dbl  (1): unit_conv
lgl  (1): var9

ℹ Use `spec()` to retrieve the full column specification for this data.
ℹ Specify the column types or set `show_col_types = FALSE` to quiet this message.
✔ Saving "co2_tech_map_v9.1" to "data/co2_tech_map_v9.1.rda".
☐ Document your data (see <https://r-pkgs.org/data.html>).
Rows: 4 Columns: 12
── Column specification ────────────────────────────────────────────────────────
Delimiter: ","
chr (8): ghg, resource, subresource, var1, var2, var3, var4, var8
dbl (1): unit_conv
lgl (3): var5, var6, var7

ℹ Use `spec()` to retrieve the full column specification for this data.
ℹ Specify the column types or set `show_col_types = FALSE` to quiet this message.
✔ Saving "co2_resource_map_v9.1" to "data/co2_resource_map_v9.1.rda".
☐ Document your data (see <https://r-pkgs.org/data.html>).
Rows: 506 Columns: 22
── Column specification ────────────────────────────────────────────────────────
Delimiter: ","
chr (18): ghg, ghg_sector, sector, subsector, var1, var2, var3, var4, var5, ...
dbl  (1): unit_conv
lgl  (3): var14, var15, var16

ℹ Use `spec()` to retrieve the full column specification for this data.
ℹ Specify the column types or set `show_col_types = FALSE` to quiet this message.
✔ Saving "kyoto_sector_map_v9.1" to "data/kyoto_sector_map_v9.1.rda".
☐ Document your data (see <https://r-pkgs.org/data.html>).
Rows: 1712 Columns: 18
── Column specification ────────────────────────────────────────────────────────
Delimiter: ","
chr (17): sector, subsector, ghg, var1, var2, var3, var4, var5, var6, var7, ...
dbl  (1): unit_conv

ℹ Use `spec()` to retrieve the full column specification for this data.
ℹ Specify the column types or set `show_col_types = FALSE` to quiet this message.
✔ Saving "nonco2_emis_sector_map_v9.1" to
  "data/nonco2_emis_sector_map_v9.1.rda".
☐ Document your data (see <https://r-pkgs.org/data.html>).
Rows: 34 Columns: 11
── Column specification ────────────────────────────────────────────────────────
Delimiter: ","
chr (7): ghg, resource, var1, var2, var3, var4, var8
dbl (1): unit_conv
lgl (3): var5, var6, var7

ℹ Use `spec()` to retrieve the full column specification for this data.
ℹ Specify the column types or set `show_col_types = FALSE` to quiet this message.
✔ Saving "nonco2_emis_resource_map_v9.1" to
  "data/nonco2_emis_resource_map_v9.1.rda".
☐ Document your data (see <https://r-pkgs.org/data.html>).
Rows: 69 Columns: 17
── Column specification ────────────────────────────────────────────────────────
Delimiter: ","
chr (17): sector, technology, var1, var2, var3, var4, var5, var6, var7, var8...

ℹ Use `spec()` to retrieve the full column specification for this data.
ℹ Specify the column types or set `show_col_types = FALSE` to quiet this message.
✔ Saving "carbon_seq_tech_map_v9.1" to "data/carbon_seq_tech_map_v9.1.rda".
☐ Document your data (see <https://r-pkgs.org/data.html>).
Rows: 2 Columns: 2
── Column specification ────────────────────────────────────────────────────────
Delimiter: ","
chr (2): input, var

ℹ Use `spec()` to retrieve the full column specification for this data.
ℹ Specify the column types or set `show_col_types = FALSE` to quiet this message.
✔ Saving "fertilizer_map_v9.1" to "data/fertilizer_map_v9.1.rda".
☐ Document your data (see <https://r-pkgs.org/data.html>).
Rows: 101 Columns: 11
── Column specification ────────────────────────────────────────────────────────
Delimiter: ","
chr (8): input, sector, var1, var2, var3, var4, var5, var6
dbl (1): unit_conv
lgl (2): var7, var8

ℹ Use `spec()` to retrieve the full column specification for this data.
ℹ Specify the column types or set `show_col_types = FALSE` to quiet this message.
✔ Saving "ag_demand_map_v9.1" to "data/ag_demand_map_v9.1.rda".
☐ Document your data (see <https://r-pkgs.org/data.html>).
Rows: 1100 Columns: 5
── Column specification ────────────────────────────────────────────────────────
Delimiter: ","
chr (4): sector, var1, var2, var3
dbl (1): unit_conv

ℹ Use `spec()` to retrieve the full column specification for this data.
ℹ Specify the column types or set `show_col_types = FALSE` to quiet this message.
✔ Saving "ag_price_map_v9.1" to "data/ag_price_map_v9.1.rda".
☐ Document your data (see <https://r-pkgs.org/data.html>).
Rows: 24 Columns: 8
── Column specification ────────────────────────────────────────────────────────
Delimiter: ","
chr (7): sector, var1, var2, var3, var4, var5, var6
dbl (1): unit_conv

ℹ Use `spec()` to retrieve the full column specification for this data.
ℹ Specify the column types or set `show_col_types = FALSE` to quiet this message.
✔ Saving "ag_production_map_v9.1" to "data/ag_production_map_v9.1.rda".
☐ Document your data (see <https://r-pkgs.org/data.html>).
Rows: 78 Columns: 2
── Column specification ────────────────────────────────────────────────────────
Delimiter: ","
chr (2): ag_demand_variable, ag_price_variable

ℹ Use `spec()` to retrieve the full column specification for this data.
ℹ Specify the column types or set `show_col_types = FALSE` to quiet this message.
✔ Saving "ag_demand_price_map_v9.1" to "data/ag_demand_price_map_v9.1.rda".
☐ Document your data (see <https://r-pkgs.org/data.html>).
Rows: 23 Columns: 7
── Column specification ────────────────────────────────────────────────────────
Delimiter: ","
chr (6): sector, var1, var2, var3, var4, var5
dbl (1): unit_conv

ℹ Use `spec()` to retrieve the full column specification for this data.
ℹ Specify the column types or set `show_col_types = FALSE` to quiet this message.
✔ Saving "trade_ag_v9.1" to "data/trade_ag_v9.1.rda".
☐ Document your data (see <https://r-pkgs.org/data.html>).
Rows: 72 Columns: 11
── Column specification ────────────────────────────────────────────────────────
Delimiter: ","
chr (7): crop, water, var1, var2, var3, var4, var5
dbl (1): unit_conv
lgl (3): var6, var7, var8

ℹ Use `spec()` to retrieve the full column specification for this data.
ℹ Specify the column types or set `show_col_types = FALSE` to quiet this message.
✔ Saving "land_use_map_v9.1" to "data/land_use_map_v9.1.rda".
☐ Document your data (see <https://r-pkgs.org/data.html>).
Rows: 5 Columns: 3
── Column specification ────────────────────────────────────────────────────────
Delimiter: ","
chr (3): yield_var, land_var, prod_var

ℹ Use `spec()` to retrieve the full column specification for this data.
ℹ Specify the column types or set `show_col_types = FALSE` to quiet this message.
✔ Saving "yield_map_v9.1" to "data/yield_map_v9.1.rda".
☐ Document your data (see <https://r-pkgs.org/data.html>).
Rows: 35 Columns: 11
── Column specification ────────────────────────────────────────────────────────
Delimiter: ","
chr (8): subsector, technology, var1, var2, var3, var4, var5, var6
dbl (1): unit_conv
lgl (2): var7, var8

ℹ Use `spec()` to retrieve the full column specification for this data.
ℹ Specify the column types or set `show_col_types = FALSE` to quiet this message.
✔ Saving "food_intake_map_v9.1" to "data/food_intake_map_v9.1.rda".
☐ Document your data (see <https://r-pkgs.org/data.html>).
Rows: 22 Columns: 2
── Column specification ────────────────────────────────────────────────────────
Delimiter: ","
chr (2): item, regional_item

ℹ Use `spec()` to retrieve the full column specification for this data.
ℹ Specify the column types or set `show_col_types = FALSE` to quiet this message.
✔ Saving "food_items_map_v9.1" to "data/food_items_map_v9.1.rda".
☐ Document your data (see <https://r-pkgs.org/data.html>).
Rows: 32 Columns: 3
── Column specification ────────────────────────────────────────────────────────
Delimiter: ","
chr (1): region
dbl (2): av_food_exp, year

ℹ Use `spec()` to retrieve the full column specification for this data.
ℹ Specify the column types or set `show_col_types = FALSE` to quiet this message.
✔ Saving "food_expenditures_average_v9.1" to
  "data/food_expenditures_average_v9.1.rda".
☐ Document your data (see <https://r-pkgs.org/data.html>).
Rows: 305760 Columns: 6
── Column specification ────────────────────────────────────────────────────────
Delimiter: ","
chr (3): GCAM_commodity, scenario, region
dbl (3): GCAM_region_ID, year, WasteShare

ℹ Use `spec()` to retrieve the full column specification for this data.
ℹ Specify the column types or set `show_col_types = FALSE` to quiet this message.
✔ Saving "L100.AgMIP_FoodWaste_Share_Pathway_SSP_v9.1" to
  "data/L100.AgMIP_FoodWaste_Share_Pathway_SSP_v9.1.rda".
☐ Document your data (see <https://r-pkgs.org/data.html>).
Rows: 1600 Columns: 6
── Column specification ────────────────────────────────────────────────────────
Delimiter: ","
chr (1): region
dbl (5): GCAM_region_ID, year, Industrial roundwood, Wood fuel, Ratio_WoodFu...

ℹ Use `spec()` to retrieve the full column specification for this data.
ℹ Specify the column types or set `show_col_types = FALSE` to quiet this message.
✔ Saving "WoodFuel_IndRoundwood_ratio_v9.1" to
  "data/WoodFuel_IndRoundwood_ratio_v9.1.rda".
☐ Document your data (see <https://r-pkgs.org/data.html>).
Rows: 3072 Columns: 5
── Column specification ────────────────────────────────────────────────────────
Delimiter: ","
chr (2): region, GCAM_commodity
dbl (3): year, PhysicalLand_scaler, Yield_scaler

ℹ Use `spec()` to retrieve the full column specification for this data.
ℹ Specify the column types or set `show_col_types = FALSE` to quiet this message.
✔ Saving "cereal_scaler_v9.1" to "data/cereal_scaler_v9.1.rda".
☐ Document your data (see <https://r-pkgs.org/data.html>).
Rows: 672 Columns: 9
── Column specification ────────────────────────────────────────────────────────
Delimiter: ","
chr (3): region, GCAM_commodity, element
dbl (6): GCAM_region_ID, year, Mt_avail, Pcal_avail, kcalPerg, PcalPerMt

ℹ Use `spec()` to retrieve the full column specification for this data.
ℹ Specify the column types or set `show_col_types = FALSE` to quiet this message.
✔ Saving "food_cal_mt_kg_conversion_v9.1" to
  "data/food_cal_mt_kg_conversion_v9.1.rda".
☐ Document your data (see <https://r-pkgs.org/data.html>).
Rows: 54 Columns: 12
── Column specification ────────────────────────────────────────────────────────
Delimiter: ","
chr (11): fuel, var1, var2, var3, var4, var5, var6, var7, var8, var9, var10
dbl  (1): unit_conv

ℹ Use `spec()` to retrieve the full column specification for this data.
ℹ Specify the column types or set `show_col_types = FALSE` to quiet this message.
✔ Saving "primary_energy_map_v9.1" to "data/primary_energy_map_v9.1.rda".
☐ Document your data (see <https://r-pkgs.org/data.html>).
Rows: 34 Columns: 5
── Column specification ────────────────────────────────────────────────────────
Delimiter: ","
chr (4): sector, var1, var2, GCAM output unit
lgl (1): var3

ℹ Use `spec()` to retrieve the full column specification for this data.
ℹ Specify the column types or set `show_col_types = FALSE` to quiet this message.
✔ Saving "production_map_v9.1" to "data/production_map_v9.1.rda".
☐ Document your data (see <https://r-pkgs.org/data.html>).
Rows: 70 Columns: 11
── Column specification ────────────────────────────────────────────────────────
Delimiter: ","
chr (10): output, subsector, technology, var1, var2, var3, var4, var6, var7,...
dbl  (1): unit_conv

ℹ Use `spec()` to retrieve the full column specification for this data.
ℹ Specify the column types or set `show_col_types = FALSE` to quiet this message.
✔ Saving "secondary_energy_map_v9.1" to "data/secondary_energy_map_v9.1.rda".
☐ Document your data (see <https://r-pkgs.org/data.html>).
Rows: 70 Columns: 11
── Column specification ────────────────────────────────────────────────────────
Delimiter: ","
chr (10): output, subsector, technology, var1, var2, var3, var4, var6, var7,...
dbl  (1): unit_conv

ℹ Use `spec()` to retrieve the full column specification for this data.
ℹ Specify the column types or set `show_col_types = FALSE` to quiet this message.
✔ Saving "capacity_map_v9.1" to "data/capacity_map_v9.1.rda".
☐ Document your data (see <https://r-pkgs.org/data.html>).
Rows: 26 Columns: 5
── Column specification ────────────────────────────────────────────────────────
Delimiter: ","
chr (3): supplysector, subsector, technology
dbl (2): 1971, 2100

ℹ Use `spec()` to retrieve the full column specification for this data.
ℹ Specify the column types or set `show_col_types = FALSE` to quiet this message.
✔ Saving "cf_gcam_v9.1" to "data/cf_gcam_v9.1.rda".
☐ Document your data (see <https://r-pkgs.org/data.html>).
Rows: 5632 Columns: 6
── Column specification ────────────────────────────────────────────────────────
Delimiter: ","
chr (4): region, supplysector, subsector, stub.technology
dbl (2): year, capacity.factor

ℹ Use `spec()` to retrieve the full column specification for this data.
ℹ Specify the column types or set `show_col_types = FALSE` to quiet this message.
✔ Saving "cf_rgn_v9.1" to "data/cf_rgn_v9.1.rda".
☐ Document your data (see <https://r-pkgs.org/data.html>).
Rows: 254 Columns: 19
── Column specification ────────────────────────────────────────────────────────
Delimiter: ","
chr (18): sector, input, var1, var2, var3, var4, var5, var6, var7, var8, var...
dbl  (1): unit_conv

ℹ Use `spec()` to retrieve the full column specification for this data.
ℹ Specify the column types or set `show_col_types = FALSE` to quiet this message.
✔ Saving "final_energy_map_v9.1" to "data/final_energy_map_v9.1.rda".
☐ Document your data (see <https://r-pkgs.org/data.html>).
Rows: 122 Columns: 2
── Column specification ────────────────────────────────────────────────────────
Delimiter: ","
chr (2): en_price_var, en_consumption_var

ℹ Use `spec()` to retrieve the full column specification for this data.
ℹ Specify the column types or set `show_col_types = FALSE` to quiet this message.
✔ Saving "en_demand_price_map_v9.1" to "data/en_demand_price_map_v9.1.rda".
☐ Document your data (see <https://r-pkgs.org/data.html>).
Rows: 502 Columns: 4
── Column specification ────────────────────────────────────────────────────────
Delimiter: ","
chr (3): resource, var1, var2
dbl (1): unit_conv

ℹ Use `spec()` to retrieve the full column specification for this data.
ℹ Specify the column types or set `show_col_types = FALSE` to quiet this message.
✔ Saving "res_extraction_map_v9.1" to "data/res_extraction_map_v9.1.rda".
☐ Document your data (see <https://r-pkgs.org/data.html>).
Rows: 86 Columns: 20
── Column specification ────────────────────────────────────────────────────────
Delimiter: ","
chr (19): input, sector, mode, var1, var2, var3, var4, var5, var6, var7, var...
dbl  (1): unit_conv

ℹ Use `spec()` to retrieve the full column specification for this data.
ℹ Specify the column types or set `show_col_types = FALSE` to quiet this message.
✔ Saving "transport_final_en_map_v9.1" to
  "data/transport_final_en_map_v9.1.rda".
☐ Document your data (see <https://r-pkgs.org/data.html>).
Rows: 2140 Columns: 20
── Column specification ────────────────────────────────────────────────────────
Delimiter: ","
chr (19): market, var1, var2, var3, var4, var5, var6, var7, var8, var9, var1...
dbl  (1): unit_conv

ℹ Use `spec()` to retrieve the full column specification for this data.
ℹ Specify the column types or set `show_col_types = FALSE` to quiet this message.
✔ Saving "energy_price_map_v9.1" to "data/energy_price_map_v9.1.rda".
☐ Document your data (see <https://r-pkgs.org/data.html>).
Rows: 122 Columns: 2
── Column specification ────────────────────────────────────────────────────────
Delimiter: ","
chr (2): en_price_var, en_consumption_var

ℹ Use `spec()` to retrieve the full column specification for this data.
ℹ Specify the column types or set `show_col_types = FALSE` to quiet this message.
✔ Saving "en_demand_price_map_v9.1" to "data/en_demand_price_map_v9.1.rda".
☐ Document your data (see <https://r-pkgs.org/data.html>).
Rows: 32 Columns: 3
── Column specification ────────────────────────────────────────────────────────
Delimiter: ","
chr (1): region
dbl (2): energy_mult, year

ℹ Use `spec()` to retrieve the full column specification for this data.
ℹ Specify the column types or set `show_col_types = FALSE` to quiet this message.
✔ Saving "en_multiplier_v9.1" to "data/en_multiplier_v9.1.rda".
☐ Document your data (see <https://r-pkgs.org/data.html>).
Rows: 70 Columns: 9
── Column specification ────────────────────────────────────────────────────────
Delimiter: ","
chr (8): sector, subsector, technology, var1, var2, var3, var4, var5
dbl (1): unit_conv

ℹ Use `spec()` to retrieve the full column specification for this data.
ℹ Specify the column types or set `show_col_types = FALSE` to quiet this message.
✔ Saving "transport_en_service_v9.1" to "data/transport_en_service_v9.1.rda".
☐ Document your data (see <https://r-pkgs.org/data.html>).
Rows: 2 Columns: 4
── Column specification ────────────────────────────────────────────────────────
Delimiter: ","
chr (3): building, var1, var2
dbl (1): unit_conv

ℹ Use `spec()` to retrieve the full column specification for this data.
ℹ Specify the column types or set `show_col_types = FALSE` to quiet this message.
✔ Saving "buildings_en_service_v9.1" to "data/buildings_en_service_v9.1.rda".
☐ Document your data (see <https://r-pkgs.org/data.html>).
Rows: 1536 Columns: 5
── Column specification ────────────────────────────────────────────────────────
Delimiter: ","
chr (3): scenario, region, var
dbl (2): year, value

ℹ Use `spec()` to retrieve the full column specification for this data.
ℹ Specify the column types or set `show_col_types = FALSE` to quiet this message.
✔ Saving "hdd_cdd_v9.1" to "data/hdd_cdd_v9.1.rda".
☐ Document your data (see <https://r-pkgs.org/data.html>).
Rows: 110 Columns: 7
── Column specification ────────────────────────────────────────────────────────
Delimiter: ","
chr (4): sector.name, subsector.name, intermittent.technology, input.capital
dbl (3): year, capital.overnight, fixed.charge.rate

ℹ Use `spec()` to retrieve the full column specification for this data.
ℹ Specify the column types or set `show_col_types = FALSE` to quiet this message.
Rows: 484 Columns: 7
── Column specification ────────────────────────────────────────────────────────
Delimiter: ","
chr (4): sector.name, subsector.name, technology, input.capital
dbl (3): year, capital.overnight, fixed.charge.rate

ℹ Use `spec()` to retrieve the full column specification for this data.
ℹ Specify the column types or set `show_col_types = FALSE` to quiet this message.
✔ Saving "capital_gcam_v9.1" to "data/capital_gcam_v9.1.rda".
☐ Document your data (see <https://r-pkgs.org/data.html>).
Rows: 7432 Columns: 23
── Column specification ────────────────────────────────────────────────────────
Delimiter: ","
chr (23): Model, Region, Scenario, Variable, Unit, 2015, 2020, 2025, 2030, 2...

ℹ Use `spec()` to retrieve the full column specification for this data.
ℹ Specify the column types or set `show_col_types = FALSE` to quiet this message.
✔ Saving "investment_v9.1" to "data/investment_v9.1.rda".
☐ Document your data (see <https://r-pkgs.org/data.html>).
Rows: 21 Columns: 8
── Column specification ────────────────────────────────────────────────────────
Delimiter: ","
chr (8): sector, subsector, technology, var1, var2, var3, var4, var5

ℹ Use `spec()` to retrieve the full column specification for this data.
ℹ Specify the column types or set `show_col_types = FALSE` to quiet this message.
✔ Saving "nonelec_investment_map_v9.1" to
  "data/nonelec_investment_map_v9.1.rda".
☐ Document your data (see <https://r-pkgs.org/data.html>).
Rows: 741 Columns: 3
── Column specification ────────────────────────────────────────────────────────
Delimiter: ","
chr (2): region, PrimaryFuelCO2Coef.name
dbl (1): PrimaryFuelCO2Coef

ℹ Use `spec()` to retrieve the full column specification for this data.
ℹ Specify the column types or set `show_col_types = FALSE` to quiet this message.
✔ Saving "carbon_content_v9.1" to "data/carbon_content_v9.1.rda".
☐ Document your data (see <https://r-pkgs.org/data.html>).
New names:
• `` -> `...8`
Rows: 1002 Columns: 8
── Column specification ────────────────────────────────────────────────────────
Delimiter: ","
chr (6): region, resource, subresource, technology, Non.CO2, ...8
dbl (2): year, emiss.coef

ℹ Use `spec()` to retrieve the full column specification for this data.
ℹ Specify the column types or set `show_col_types = FALSE` to quiet this message.
✔ Saving "nonco2_content_v9.1" to "data/nonco2_content_v9.1.rda".
☐ Document your data (see <https://r-pkgs.org/data.html>).
Rows: 294 Columns: 7
── Column specification ────────────────────────────────────────────────────────
Delimiter: ","
chr (5): model, scenario, region, variable, unit
dbl (2): period, value

ℹ Use `spec()` to retrieve the full column specification for this data.
ℹ Specify the column types or set `show_col_types = FALSE` to quiet this message.
✔ Saving "iea_capacity_v9.1" to "data/iea_capacity_v9.1.rda".
☐ Document your data (see <https://r-pkgs.org/data.html>).
Rows: 125 Columns: 2
── Column specification ────────────────────────────────────────────────────────
Delimiter: ","
chr (2): market, region

ℹ Use `spec()` to retrieve the full column specification for this data.
ℹ Specify the column types or set `show_col_types = FALSE` to quiet this message.
✔ Saving "co2_market_v9.1" to "data/co2_market_v9.1.rda".
☐ Document your data (see <https://r-pkgs.org/data.html>).
Rows: 6 Columns: 3
── Column specification ────────────────────────────────────────────────────────
Delimiter: ","
chr (3): market, var, sector

ℹ Use `spec()` to retrieve the full column specification for this data.
ℹ Specify the column types or set `show_col_types = FALSE` to quiet this message.
✔ Saving "co2_market_frag_map_v9.1" to "data/co2_market_frag_map_v9.1.rda".
☐ Document your data (see <https://r-pkgs.org/data.html>).
Rows: 2 Columns: 3
── Column specification ────────────────────────────────────────────────────────
Delimiter: ","
chr (2): sector, var
dbl (1): unit_conv

ℹ Use `spec()` to retrieve the full column specification for this data.
ℹ Specify the column types or set `show_col_types = FALSE` to quiet this message.
✔ Saving "iron_steel_trade_map_v9.1" to "data/iron_steel_trade_map_v9.1.rda".
☐ Document your data (see <https://r-pkgs.org/data.html>).
Rows: 3801 Columns: 7
── Column specification ────────────────────────────────────────────────────────
Delimiter: ","
chr (6): sector, subsector, var1, var2, var3, var4
dbl (1): unit_conv

ℹ Use `spec()` to retrieve the full column specification for this data.
ℹ Specify the column types or set `show_col_types = FALSE` to quiet this message.
✔ Saving "water_map_v9.1" to "data/water_map_v9.1.rda".
☐ Document your data (see <https://r-pkgs.org/data.html>).
Rows: 32 Columns: 2
── Column specification ────────────────────────────────────────────────────────
Delimiter: ","
chr (1): region
dbl (1): conveyance.eff

ℹ Use `spec()` to retrieve the full column specification for this data.
ℹ Specify the column types or set `show_col_types = FALSE` to quiet this message.
✔ Saving "conveyance.eff_v9.1" to "data/conveyance.eff_v9.1.rda".
☐ Document your data (see <https://r-pkgs.org/data.html>).
Rows: 302 Columns: 5
── Column specification ────────────────────────────────────────────────────────
Delimiter: ","
chr (5): UCD_region, mode, size.class, rev.mode, rev_size.class

ℹ Use `spec()` to retrieve the full column specification for this data.
ℹ Specify the column types or set `show_col_types = FALSE` to quiet this message.
✔ Saving "ucd_size_class_v9.1" to "data/ucd_size_class_v9.1.rda".
☐ Document your data (see <https://r-pkgs.org/data.html>).
Rows: 4887 Columns: 28
── Column specification ────────────────────────────────────────────────────────
Delimiter: ","
chr  (8): UCD_region, UCD_sector, mode, size.class, UCD_technology, UCD_fuel...
dbl (20): 2005, 2010, 2015, 2020, 2025, 2030, 2035, 2040, 2045, 2050, 2055, ...

ℹ Use `spec()` to retrieve the full column specification for this data.
ℹ Specify the column types or set `show_col_types = FALSE` to quiet this message.
✔ Saving "ucd_core_v9.1" to "data/ucd_core_v9.1.rda".
☐ Document your data (see <https://r-pkgs.org/data.html>).
Rows: 32 Columns: 2
── Column specification ────────────────────────────────────────────────────────
Delimiter: ","
chr (2): GCAM_region, UCD_region

ℹ Use `spec()` to retrieve the full column specification for this data.
ℹ Specify the column types or set `show_col_types = FALSE` to quiet this message.
✔ Saving "region_mapping_ucd_v9.1" to "data/region_mapping_ucd_v9.1.rda".
☐ Document your data (see <https://r-pkgs.org/data.html>).
Rows: 34 Columns: 8
── Column specification ────────────────────────────────────────────────────────
Delimiter: ","
chr (7): sector, mode, technology, var1, var2, var3, var4
dbl (1): unit_conv

ℹ Use `spec()` to retrieve the full column specification for this data.
ℹ Specify the column types or set `show_col_types = FALSE` to quiet this message.
✔ Saving "transport_stock_map_v9.1" to "data/transport_stock_map_v9.1.rda".
☐ Document your data (see <https://r-pkgs.org/data.html>).
Rows: 34 Columns: 8
── Column specification ────────────────────────────────────────────────────────
Delimiter: ","
chr (7): sector, mode, technology, var1, var2, var3, var4
dbl (1): unit_conv

ℹ Use `spec()` to retrieve the full column specification for this data.
ℹ Specify the column types or set `show_col_types = FALSE` to quiet this message.
✔ Saving "transport_sales_map_v9.1" to "data/transport_sales_map_v9.1.rda".
☐ Document your data (see <https://r-pkgs.org/data.html>).
✔ Saving "last_historical_year_v9.1" to "data/last_historical_year_v9.1.rda".
☐ Document your data (see <https://r-pkgs.org/data.html>).
✔ Saving "convert_v9.1" to "data/convert_v9.1.rda".
☐ Document your data (see <https://r-pkgs.org/data.html>).
✔ Saving "F_GASES_v9.1" to "data/F_GASES_v9.1.rda".
☐ Document your data (see <https://r-pkgs.org/data.html>).
✔ Saving "GHG_gases_v9.1" to "data/GHG_gases_v9.1.rda".
☐ Document your data (see <https://r-pkgs.org/data.html>).
✔ Saving "queries_general_v9.1" to "data/queries_general_v9.1.rda".
☐ Document your data (see <https://r-pkgs.org/data.html>).
✔ Saving "queries_nonCO2_v9.1" to "data/queries_nonCO2_v9.1.rda".
☐ Document your data (see <https://r-pkgs.org/data.html>).
✔ Saving "template_v9.1" to "data/template_v9.1.rda".
☐ Document your data (see <https://r-pkgs.org/data.html>).
✔ Saving "var_fun_map_v9.1" to "data/var_fun_map_v9.1.rda".
☐ Document your data (see <https://r-pkgs.org/data.html>).
DONE building v9.1 data objects
