Rscript.exe : Project does not exists. Creating project...
At line:2 char:1
+ & "C:\Program Files\R\R-4.6.1\bin\Rscript.exe" build_v91.R *> build_o ...
+ ~~~~~~~~~~~~~~~~~~~~~~~~~~~~~~~~~~~~~~~~~~~~~~~~~~~~~~~~~~~~~~~~~~~~~
    + CategoryInfo          : NotSpecified: (Project does no...ting project...:String) [], RemoteException
    + FullyQualifiedErrorId : NativeCommandError
 
Database scenarios:  Reference, Reference, Reference, Reference
Start reading queries for Reference scenario
Read GDP MER by region query
About to perform query: collection()/scenario
About to perform query: collection()/scenario[ (@name='Reference' and @date='2026-8-9T10:02:43+09:00') 
]/world/region/nationalAccount/account[@name = 'GDP']/node()
In Function: 1789356071831
After Function: 1789356072979
Scenario Reference does not exist in this project.  Creating.
Read GDP per capita PPP by region query
About to perform query: collection()/scenario
About to perform query: collection()/scenario[ (@name='Reference' and @date='2026-8-9T10:02:43+09:00') 
]/world/region/nationalAccount/account[@name = 'gdp-per-capita-ppp']/node()
In Function: 1789356073583
After Function: 1789356073695
Scenario Reference does not exist in this project.  Creating.
Read National Account query
Didn't find builder for National Account query going to use defaults
About to perform query: collection()/scenario
About to perform query: collection()/scenario[ (@name='Reference' and @date='2026-8-9T10:02:43+09:00') 
]/world/region/nationalAccount[@year>1975]/account/node()
In Function: 1789356074233
After Function: 1789356074402
Scenario Reference does not exist in this project.  Creating.
Read building service costs query
About to perform query: collection()/scenario
About to perform query: collection()/scenario[ (@name='Reference' and @date='2026-8-9T10:02:43+09:00') 
]/world/region/*[@type='sector' and (@name='building' or (exists(child::keyword[@final-energy='building'])))]/ 
cost/text()
In Function: 1789356075190
After Function: 1789356077847
Scenario Reference does not exist in this project.  Creating.
Read building service output by service query
About to perform query: collection()/scenario
About to perform query: collection()/scenario[ (@name='Reference' and @date='2026-8-9T10:02:43+09:00') 
]/world/region/*[@type='sector' and (@name='building' or (exists(child::keyword[@final-energy='building'])))]// 
output-primary[@type='output' (:collapse:)]/ physical-output/node()
In Function: 1789356078745
After Function: 1789356079483
Scenario Reference does not exist in this project.  Creating.
Read building total final energy by service query
About to perform query: collection()/scenario
About to perform query: collection()/scenario[ (@name='Reference' and @date='2026-8-9T10:02:43+09:00') 
]/world/region/*[@type='sector' and (@name='building' or (exists(child::keyword[@final-energy='building'])))]// 
*[@type='input' (:collapse:)]/demand-physical/node()
In Function: 1789356080201
After Function: 1789356081047
Scenario Reference does not exist in this project.  Creating.
Read costs of transport modes query
About to perform query: collection()/scenario
About to perform query: collection()/scenario[ (@name='Reference' and @date='2026-8-9T10:02:43+09:00') 
]/world/region/*[@type='sector' and (@name='transportation' or 
(exists(child::keyword[@final-energy='transportation'])))]/ *[@type='subsector']/cost/text()
In Function: 1789356081744
After Function: 1789356082119
Scenario Reference does not exist in this project.  Creating.
Read food demand query
About to perform query: collection()/scenario
About to perform query: collection()/scenario[ (@name='Reference' and @date='2026-8-9T10:02:43+09:00') 
]/world/region/gcam-consumer[@name='FoodDemand']//*[@type='input']/demand-physical/node()
In Function: 1789356082705
After Function: 1789356082801
Scenario Reference does not exist in this project.  Creating.
Read food demand v2 query
About to perform query: collection()/scenario
About to perform query: collection()/scenario[ (@name='Reference' and @date='2026-8-9T10:02:43+09:00') ]/world/region/ 
*[@type='sector' and (@name='FoodDemand_Staples' or @name='FoodDemand_NonStaples' or 
@name='FoodDemand_NonStaples_Oils' or @name='FoodDemand_NonStaples_FruitsVeg' or 
@name='FoodDemand_NonStaples_PlantProtein' or @name='FoodDemand_NonStaples_Sugar' or 
@name='FoodDemand_NonStaples_OtherCrop' or @name='FoodDemand_NonStaples_Ruminant' or 
@name='FoodDemand_NonStaples_NonRuminant' or @name='FoodDemand_NonStaples_Dairy' or 
@name='FoodDemand_NonStaples_Fish')]// *[@type='input']/demand-physical/node() 
In Function: 1789356083333
After Function: 1789356083659
Scenario Reference does not exist in this project.  Creating.
Read food demand prices query
About to perform query: collection()/scenario
About to perform query: collection()/scenario[ (@name='Reference' and @date='2026-8-9T10:02:43+09:00') 
]/world/region/gcam-consumer[@name='FoodDemand']//*[@type='input']/price-paid/node()
In Function: 1789356084267
After Function: 1789356084335
Scenario Reference does not exist in this project.  Creating.
Read food demand prices v2 query
About to perform query: collection()/scenario
About to perform query: collection()/scenario[ (@name='Reference' and @date='2026-8-9T10:02:43+09:00') ]/world/region/ 
*[@type='sector' and (@name='FoodDemand_Staples' or @name='FoodDemand_NonStaples' or 
@name='FoodDemand_NonStaples_Oils' or @name='FoodDemand_NonStaples_FruitsVeg' or 
@name='FoodDemand_NonStaples_PlantProtein' or @name='FoodDemand_NonStaples_Sugar' or 
@name='FoodDemand_NonStaples_OtherCrop' or @name='FoodDemand_NonStaples_Ruminant' or 
@name='FoodDemand_NonStaples_NonRuminant' or @name='FoodDemand_NonStaples_Dairy' or 
@name='FoodDemand_NonStaples_Fish')]/cost/node() 
In Function: 1789356084894
After Function: 1789356085057
Scenario Reference does not exist in this project.  Creating.
Read food consumption by type (general) query
About to perform query: collection()/scenario
About to perform query: collection()/scenario[ (@name='Reference' and @date='2026-8-9T10:02:43+09:00') 
]/world/region/*[@type='sector' and (@name='FoodDemand_Staples' or @name='FoodDemand_NonStaples')]// 
*[@type='output']/physical-output/node()
In Function: 1789356085629
After Function: 1789356085872
Scenario Reference does not exist in this project.  Creating.
Read food consumption by type (specific) query
About to perform query: collection()/scenario
About to perform query: collection()/scenario[ (@name='Reference' and @date='2026-8-9T10:02:43+09:00') 
]/world/region/*[@type='sector' (:collapse:) and (@name='FoodDemand_Staples' or @name='FoodDemand_NonStaples' or 
@name='FoodDemand_NonStaples_Oils' or @name='FoodDemand_NonStaples_FruitsVeg' or 
@name='FoodDemand_NonStaples_PlantProtein' or @name='FoodDemand_NonStaples_Sugar' or 
@name='FoodDemand_NonStaples_OtherCrop' or @name='FoodDemand_NonStaples_Ruminant' or 
@name='FoodDemand_NonStaples_NonRuminant' or @name='FoodDemand_NonStaples_Dairy' or 
@name='FoodDemand_NonStaples_Fish')]// *[@type='subsector']//*[@type='technology']/ *[@type='output' 
(:collapse:)]/physical-output/node()
In Function: 1789356086444
After Function: 1789356086752
Scenario Reference does not exist in this project.  Creating.
Read population by region query
About to perform query: collection()/scenario
About to perform query: collection()/scenario[ (@name='Reference' and @date='2026-8-9T10:02:43+09:00') 
]/world/region/demographics/populationMiniCAM/total-population/node()
In Function: 1789356087363
After Function: 1789356087442
Scenario Reference does not exist in this project.  Creating.
Read subregional population query
About to perform query: collection()/scenario
About to perform query: collection()/scenario[ (@name='Reference' and @date='2026-8-9T10:02:43+09:00') 
]/world/region/gcam-consumer/subregional-population/node()
In Function: 1789356087993
After Function: 1789356088127
Scenario Reference does not exist in this project.  Creating.
Read subregional income query
About to perform query: collection()/scenario
About to perform query: collection()/scenario[ (@name='Reference' and @date='2026-8-9T10:02:43+09:00') 
]/world/region/gcam-consumer/subregional-percapita-income/node()
In Function: 1789356088707
After Function: 1789356088813
Scenario Reference does not exist in this project.  Creating.
Read primary energy consumption with CCS by region (direct equivalent) query
About to perform query: collection()/scenario
About to perform query:  declare function local:append-heirarchy($parent as node(), $append as node()*) as node() { 
let $scn := $parent/ancestor::scenario, $rgn := $parent (: /ancestor::region :) return document { element scenario { 
$scn/@*, element region { $rgn/@*, $append } } } (: I can get by with just the scenario and region let $new_node := 
element {local-name($parent)} {$parent/@*, $append} return if(local-name($parent) != 'scenario') then 
local:append-heirarchy($parent/parent::*, $new_node) else document { $new_node } :) }; declare function 
local:generate-sector-input-coefs($outputNameQueue as xs:string*, $currTree as node(), $coefs as node()*, $is_usa as 
xs:boolean) as node()* { if(empty($outputNameQueue)) then $coefs else if( exists($coefs[@name = $outputNameQueue[1]]) 
or exists(index-of(('biomass','traded oil', 'traded coal', 'traded natural gas', 'traded Afr_MidE pipeline gas', 
'traded LA pipeline gas', 'traded PAC pipeline gas', 'traded N.Amer pipeline gas', 'traded RUS pipeline gas', 'traded 
EUR pipeline gas', 'traded LNG', 'regional corn for ethanol', 'regional biomassOil', 'regional sugar for ethanol', 
'regional sugarbeet for ethanol', 'regional woodpulp for energy'),$outputNameQueue[1])) or 
not($currTree/*[@type='sector' and @name=$outputNameQueue[1]]))then(:if(not($is_usa) and 
string-length($currTree/@name) = 2) thenlocal:trace-inputs($outputName, $currTree/parent::*/*[@type='region' and 
@name='USA'], $outputs, true())else:)local:generate-sector-input-coefs(remove($outputNameQueue, 1), $currTree, $coefs, 
$is_usa) else let $outputName := $outputNameQueue[1], $newOutputNameQueue := remove($outputNameQueue, 1), $useOutputs 
:= $currTree//output-primary[@type='output' and @name=$outputName], $useInputs := for $out in 
$useOutputs[not(following-sibling::keyword[exists(@primary-renewable)])] return 
$out/following-sibling::*[@type='input' and not(@name='oil-credits') and not(starts-with(@name, 'water_td'))], 
$renewOutputs := for $out in $useOutputs[following-sibling::keyword[exists(@primary-renewable)]] return element output 
{ attribute name { $out/following-sibling::keyword/@primary-renewable }, $out/child::* }, $totalOutputSum := for 
$vintage in distinct-values($useOutputs/physical-output/@vintage) return element output { attribute vintage { $vintage 
}, text { sum($useOutputs/physical-output[@vintage=$vintage]) } }, $new_coefs := $coefs | element sector { attribute 
name { $outputName }, for $input in distinct-values($useInputs/@name) return element input { attribute name { $input 
}, for $outputSum in $totalOutputSum let $inputSum := 
sum($useInputs[@name=$input]/demand-physical[@vintage=$outputSum/@vintage]) where $inputSum > 0 return element coef { 
attribute vintage { $outputSum/@vintage }, text { $inputSum div $outputSum } } }, for $input in 
distinct-values($renewOutputs/@name) return element input { attribute name { concat($input, ' renewable') }, attribute 
is-renewable { true() }, for $outputSum in $totalOutputSum let $inputSum := 
sum($renewOutputs[@name=$input]/physical-output[@vintage=$outputSum/@vintage]) where $inputSum > 0 return element coef 
{ attribute vintage { $outputSum/@vintage }, text { $inputSum div $outputSum } } } } return 
local:generate-sector-input-coefs(distinct-values(($newOutputNameQueue, $useInputs/@name)), $currTree, $new_coefs, 
$is_usa)}; declare function local:generate-ccs-coefs($currTree as node(), $coefs as node()*) as node()* { for $sector 
in $coefs/@name let $currSector := $currTree/*[@type='sector' and @name=$sector], $useInputs := 
$currSector//*[@type='technology' and not(contains(@name, 'CCS')) and 
not(child::keyword/@primary-renewable)]/*[@type='input' and not(@name='oil-credits') and not(starts-with(@name, 
'water_td'))], $useInputsCCS := $currSector//*[@type='technology' and contains(@name, 'CCS')]/*[@type='input' and 
not(@name='oil-credits') and not(starts-with(@name, 'water_td'))], $totalOutputSum := for $vintage in 
distinct-values($useInputs/demand-physical/@vintage | $useInputsCCS/demand-physical/@vintage) return element output { 
attribute vintage { $vintage }, text { sum($currSector//output-primary/physical-output[@vintage=$vintage]) } } return 
if(exists($useInputsCCS)) then element sector { attribute name { $sector }, 
$coefs[@name=$sector]/input[@is-renewable], for $input in distinct-values(($useInputs/@name, $useInputsCCS/@name)) 
return element input { attribute name { $input }, for $outputSum in $totalOutputSum let $inputSum := 
sum($useInputs[@name=$input]/demand-physical[@vintage=$outputSum/@vintage]), $inputSumCCS := 
sum($useInputsCCS[@name=$input]/demand-physical[@vintage=$outputSum/@vintage]) return (element coef { attribute 
vintage { $outputSum/@vintage }, text { $inputSum div $outputSum } }, element coef_ccs { attribute vintage { 
$outputSum/@vintage }, text { $inputSumCCS div $outputSum } }) } } else $coefs[@name=$sector] }; declare function 
local:apply-coefs($outputName as xs:string, $outputs as node()*, $coefs as node()*, $isCCS as xs:boolean) as node()* { 
if(exists($coefs[@name=$outputName]) and sum($outputs) > 0.001) then for $input in $coefs[@name=$outputName]/input 
return local:apply-coefs($input/@name, for $vintage in distinct-values($outputs/@vintage) let $outputThisVintage := 
$outputs[@vintage=$vintage], $firstOutput := $outputThisVintage[1], $outputSum := sum($outputThisVintage), 
$coefThisVintage := $input/coef[@vintage=$vintage] where $coefThisVintage > 0 return element { 
local-name($firstOutput) } { $firstOutput/@*, text{ $outputSum * $coefThisVintage } }, $coefs, $isCCS) | 
local:apply-coefs($input/@name, for $vintage in distinct-values($outputs/@vintage) let $outputThisVintage := 
$outputs[@vintage=$vintage], $firstOutput := $outputThisVintage[1], $outputSum := sum($outputThisVintage), 
$coefThisVintage := $input/coef_ccs[@vintage=$vintage] where exists($coefThisVintage) and $coefThisVintage > 0 return 
element { local-name($firstOutput) } { $firstOutput/@*, text{ $outputSum * $coefThisVintage } }, $coefs, true()) else 
if( sum($outputs) > 0.001) then element input { attribute name { if($isCCS) then concat($outputName, ' CCS') else 
$outputName }, attribute type { 'input' }, (: $outputs :) (: TODO: not sure why this doesn't work and we need to 
create these explicitly :) for $o in $outputs return element demand-physical { $o/@*, text{ $o/text() } } } else (: 
These are the residuals from chasing simulenaties, I've left this here for debuging purposes :) element input { 
attribute name { $outputName }, attribute type { 'input' } (:, $outputs :) } };declare function 
local:run-input-by-primary($scenarios as xs:string*, $regions as xs:string*, $collection as xs:string*) as node()* { 
unordered { let $regionsG := if(not($regions[1] = 'Global')) then $regions else 
distinct-values(collection($collection)/scenario/world/*[@type='region']/@name) return for $scenario in $scenarios, 
$region in $regionsG let $scenario_split := tokenize($scenario, ' '), $currTree := 
collection($collection)/scenario[@name = $scenario_split[1] and @date = $scenario_split[2]]/world/*[@type='region' and 
@name=$region], $currInputs := $currTree/*[@type='sector' and (@name='unconventional oil production' or 
exists(child::keyword/@final-energy))]//*[@type='input' and empty(index-of(('trn_pass_road', 'limestone', 'process 
heat cement', 'industrial energy use', 'industrial feedstocks', 'renewable', 'trn_freight_road', 'trn_pass_road_LDV', 
'trn_pass_road_LDV_2W', 'trn_pass_road_LDV_4W', 'unconventional oil', 'oil-credits', 'scrap', 'alumina', 'process heat 
paper', 'waste biomass for paper', 'process heat food processing', 'water_td_ind_W', 'water_td_ind_C'), @name))], 
$coefs := local:generate-sector-input-coefs(distinct-values($currInputs/@name), $currTree, (), false()), $ccs_coefs := 
local:generate-ccs-coefs($currTree, $coefs) return for $inputName in distinct-values($currInputs/@name) return 
local:append-heirarchy($currTree, local:apply-coefs($inputName, $currInputs[@name=$inputName]/demand-physical, 
$ccs_coefs, false()))//text() } };local:run-input-by-primary(('Reference 2026-8-9T10:02:43+09:00'), ('Global'), ()) 
In Function: 1789356089525
After Function: 1789356266594
Scenario Reference does not exist in this project.  Creating.
Read resource production query
About to perform query: collection()/scenario
About to perform query: collection()/scenario[ (@name='Reference' and @date='2026-8-9T10:02:43+09:00') 
]/world/region/*[@type='resource']//output/node()
In Function: 1789356267450
After Function: 1789356267858
Scenario Reference does not exist in this project.  Creating.
Read resource production by tech and vintage query
About to perform query: collection()/scenario
About to perform query: collection()/scenario[ (@name='Reference' and @date='2026-8-9T10:02:43+09:00') 
]/world/region/*[@type='resource']/*[@type='subresource']/ *[@type='technology']/output-primary[@type='output' 
(:collapse:)]/physical-output/node()
In Function: 1789356268571
After Function: 1789356268988
Scenario Reference does not exist in this project.  Creating.
Read refined liquids production by cooling tech and vintage query
About to perform query: collection()/scenario
About to perform query: collection()/scenario[ (@name='Reference' and @date='2026-8-9T10:02:43+09:00') 
]/world/region/*[@type='sector' and contains(@name,'refining')]/*[@type='subsector']/ 
*[@type='technology']/*[@type='output']/physical-output/node()
In Function: 1789356269598
After Function: 1789356269778
Scenario Reference does not exist in this project.  Creating.
Read hydrogen production by cooling tech and vintage query
About to perform query: collection()/scenario
About to perform query: collection()/scenario[ (@name='Reference' and @date='2026-8-9T10:02:43+09:00') 
]/world/region/*[@type='sector' and (@name='H2 central production' or @name='H2 wholesale dispensing' or @name='H2 
industrial')]/ *[@type='subsector' and not (@name='H2 delivery')]/*[@type='technology']/*[@type='output']/ 
physical-output/node()
In Function: 1789356270347
After Function: 1789356270526
Scenario Reference does not exist in this project.  Creating.
Read regional primary energy prices query
About to perform query: collection()/scenario
About to perform query: collection()/scenario[ (@name='Reference' and @date='2026-8-9T10:02:43+09:00') 
]/world/region/*[@type = 'sector' and (@name='regional oil' or @name='regional natural gas' or @name='regional coal' 
or @name='regional biomass' or @name='nuclearFuelGenIII')]/ cost/text()
In Function: 1789356271079
After Function: 1789356271270
Scenario Reference does not exist in this project.  Creating.
Read elec gen by subsector query
About to perform query: collection()/scenario
About to perform query: collection()/scenario[ (@name='Reference' and @date='2026-8-9T10:02:43+09:00') 
]/world/region/*[@type='sector' (:collapse:) and (@name='electricity' or @name='elect_td_bld')]/ *[@type='subsector' 
and not (@name='elect_td_bld')]//*[@type='output']/ physical-output/node()
In Function: 1789356271819
After Function: 1789356272091
Scenario Reference does not exist in this project.  Creating.
Read elec gen by gen tech query
About to perform query: collection()/scenario
About to perform query: collection()/scenario[ (@name='Reference' and @date='2026-8-9T10:02:43+09:00') 
]/world/region/*[@type='sector' (:collapse:) and (@name='electricity' or @name='elect_td_bld' or @name='industrial 
energy use')]/ *[@type='subsector']/*[@type='technology' and not (@name='electricity' or @name='elect_td_bld')]/ 
*[@type='output' and (@name='electricity' or @name='elect_td_bld')]/ physical-output/node()
In Function: 1789356272663
After Function: 1789356272895
Scenario Reference does not exist in this project.  Creating.
Read elec gen by gen tech and cooling tech and vintage query
About to perform query: collection()/scenario
About to perform query: collection()/scenario[ (@name='Reference' and @date='2026-8-9T10:02:43+09:00') 
]/world/region/*[@type='sector' and (@name='electricity' or @name='elect_td_bld' or contains(@name,'elec_')) and 
not(contains(@name, 'water_td'))]/ *[@type='subsector' and not (@name='elect_td_bld')]/ *[@type='technology' and 
not(@name='biomass (conv)' or @name='biomass (conv CCS)' or @name='biomass (IGCC)' or @name='biomass (IGCC CCS)' or 
@name='coal (conv pul)' or @name='coal (conv pul CCS)' or @name='coal (IGCC)' or @name='coal (IGCC CCS)' or @name='gas 
(steam/CT)' or @name='gas (CC)' or @name='gas (CC CCS)' or @name='refined liquids (steam/CT)' or @name='refined 
liquids (CC)' or @name='refined liquids (CC CCS)' or @name='geothermal' or @name='Gen_II_LWR' or @name='Gen_III' or 
@name='CSP' or @name='CSP_storage')]/ *[@type='output']/physical-output/node() 
In Function: 1789356273472
After Function: 1789356273954
Scenario Reference does not exist in this project.  Creating.
Read refined liquids production by region query
About to perform query: collection()/scenario
About to perform query: collection()/scenario[ (@name='Reference' and @date='2026-8-9T10:02:43+09:00') 
]/world/region/*[@type='sector' (:collapse:) and (@name='refining')]// 
output-primary[@type='output']/physical-output/node()
In Function: 1789356274694
After Function: 1789356274864
Scenario Reference does not exist in this project.  Creating.
Read refined liquids production by tech query
About to perform query: collection()/scenario
About to perform query: collection()/scenario[ (@name='Reference' and @date='2026-8-9T10:02:43+09:00') 
]/world/region/*[@type='sector' and contains(@name,'refining')]/*[@type='subsector']/ 
*[@type='technology']/output-primary[@type='output']/physical-output/node()
In Function: 1789356275413
After Function: 1789356275592
Scenario Reference does not exist in this project.  Creating.
Read hydrogen production by tech query
About to perform query: collection()/scenario
About to perform query: collection()/scenario[ (@name='Reference' and @date='2026-8-9T10:02:43+09:00') 
]/world/region/*[@type='sector' and (@name='H2 central production' or @name='H2 wholesale dispensing' or @name='H2 
industrial')]/ *[@type='subsector' and not (@name='H2 delivery')]/*[@type='technology']/*[@type='output' 
(:collapse:)]/ physical-output/node()
In Function: 1789356276165
After Function: 1789356276344
Scenario Reference does not exist in this project.  Creating.
Read gas production by tech query
About to perform query: collection()/scenario
About to perform query: collection()/scenario[ (@name='Reference' and @date='2026-8-9T10:02:43+09:00') 
]/world/region/*[@type='sector' and (@name='gas processing')]/*[@type='subsector']/ 
*[@type='technology']/*[@type='output' (:collapse:)]/physical-output/node()
In Function: 1789356276887
After Function: 1789356277029
Scenario Reference does not exist in this project.  Creating.
Read district heat production by subsector (fuel) query
About to perform query: collection()/scenario
About to perform query: collection()/scenario[ (@name='Reference' and @date='2026-8-9T10:02:43+09:00') 
]/world/region/*[@type='sector' and (@name='district heat')]/*[@type='subsector']// 
*[@type='output']/physical-output/node()
In Function: 1789356277554
After Function: 1789356277687
Scenario Reference does not exist in this project.  Creating.
Read final energy consumption by sector and fuel query
About to perform query: collection()/scenario
About to perform query: collection()/scenario[ (@name='Reference' and @date='2026-8-9T10:02:43+09:00') 
]/world/region/*[@type='sector' and ((@name='building' or @name='industry' or @name='transportation') or 
(exists(child::keyword/@final-energy)))]//*[@type='input' and not(@name='limestone' or @name='process heat cement' or 
@name='process heat food processing' or @name='industrial energy use' or @name='process heat paper' or @name='waste 
biomass for paper' or @name='industrial feedstocks' or @name='renewable' or contains(@name, 'trn_') or 
@name='oil-credits')]/ demand-physical[@unit='EJ']/node()
In Function: 1789356278232
After Function: 1789356279892
Scenario Reference does not exist in this project.  Creating.
Read building floorspace query
About to perform query: collection()/scenario
About to perform query: collection()/scenario[ (@name='Reference' and @date='2026-8-9T10:02:43+09:00') 
]/world/region/gcam-consumer//floorspace/node()
In Function: 1789356280926
After Function: 1789356281129
Scenario Reference does not exist in this project.  Creating.
Read industry primary output by sector query
About to perform query: collection()/scenario
About to perform query: collection()/scenario[ (@name='Reference' and @date='2026-8-9T10:02:43+09:00') 
]/world/region/*[@type='sector' and (@name='industry' or 
(exists(child::keyword[@final-energy='industry'])))]//output-primary/physical-output/node()
In Function: 1789356281700
After Function: 1789356282271
Scenario Reference does not exist in this project.  Creating.
Read industry final energy by tech and fuel query
About to perform query: collection()/scenario
About to perform query: collection()/scenario[ (@name='Reference' and @date='2026-8-9T10:02:43+09:00') 
]/world/region/*[@type='sector' and (@name='industry' or 
(exists(child::keyword[@final-energy='industry'])))]/*[@type='subsector']/*[@type='technology']/*[@type='input' and 
(@name='delivered biomass' or @name='delivered coal' or @name='district heat' or@name='H2 wholesale delivery' or 
@name='H2 wholesale dispensing' or @name='H2 industrial' or@name='elect_td_ind' or @name='wholesale gas' or 
@name='regional woodpulp for energy' or@name='refined liquids industrial' or @name='global solar 
resource')]/demand-physical/node()
In Function: 1789356282911
After Function: 1789356283483
Scenario Reference does not exist in this project.  Creating.
Read transport final energy by mode and fuel query
About to perform query: collection()/scenario
About to perform query: collection()/scenario[ (@name='Reference' and @date='2026-8-9T10:02:43+09:00') 
]/world/region/*[@type='sector' and (@name='transportation' or 
(exists(child::keyword[@final-energy='transportation'])))]/ *[@type='subsector']//*[@type='input' and not 
(@name='renewable')]/ demand-physical[@unit='EJ']/node()
In Function: 1789356284223
After Function: 1789356284682
Scenario Reference does not exist in this project.  Creating.
Read fuel prices to transport query
About to perform query: collection()/scenario
About to perform query: collection()/scenario[ (@name='Reference' and @date='2026-8-9T10:02:43+09:00') 
]/world/region/*[@type='sector' and (@name='delivered gas' or @name='delivered coal' or @name='elect_td_trn' or 
@name='refined liquids enduse' or @name='H2 wholesale dispensing' or @name='H2 retail dispensing')]/cost/text()
In Function: 1789356285301
After Function: 1789356285460
Scenario Reference does not exist in this project.  Creating.
Read elec td inputs and outputs query
About to perform query: collection()/scenario
About to perform query: collection()/scenario[ (@name='Reference' and @date='2026-8-9T10:02:43+09:00') 
]/world/region/*[@type='sector' and (@name='electricity' or @name='electricity_net_ownuse' or @name='elect_td_bld' or 
@name='elect_td_ind' or @name='elect_td_trn')]/ *[@type='subsector' (:collapse:)]/*[@type='technology' (:collapse:) 
and not (@name='rooftop_pv')]/ *[@type='output' (:collapse:)]/physical-output/node()
In Function: 1789356286003
After Function: 1789356286242
Scenario Reference does not exist in this project.  Creating.
Read regional biomass consumption query
About to perform query: collection()/scenario
About to perform query: collection()/scenario[ (@name='Reference' and @date='2026-8-9T10:02:43+09:00') 
]/world/region/*[@type='sector' and (@name='regional biomass')]//*[@type='input']/ demand-physical/node()
In Function: 1789356286790
After Function: 1789356286925
Scenario Reference does not exist in this project.  Creating.
Read ag production by crop type query
About to perform query: collection()/scenario
About to perform query: collection()/scenario[ (@name='Reference' and @date='2026-8-9T10:02:43+09:00') 
]/world/region/*[@type='sector' and (local-name()='AgSupplySector')]// output-primary/physical-output/node()
In Function: 1789356287459
After Function: 1789356290842
Scenario Reference does not exist in this project.  Creating.
Read ag export to the world center (USA) (Intl. Armington competition) query
About to perform query: collection()/scenario
About to perform query: collection()/scenario[ (@name='Reference' and @date='2026-8-9T10:02:43+09:00') ]/world/region[ 
(@name='USA') ]/*[@type='sector' and contains(@name, 
'traded')]/*[@type='subsector']//*[@type='input']/demand-physical[@unit='Mt' or @unit='billion m3']/node()
In Function: 1789356291870
After Function: 1789356292084
Scenario Reference does not exist in this project.  Creating.
Read ag import vs. domestic supply (Regional Armington competition) query
About to perform query: collection()/scenario
About to perform query: collection()/scenario[ (@name='Reference' and @date='2026-8-9T10:02:43+09:00') 
]/world/region/*[@type='sector' and (contains(@name, 'total') or contains(@name, 
'regional'))]/*[@type='subsector']//*[@type='input']/demand-physical[@unit='Mt' or @unit='billion m3']/node()
In Function: 1789356292658
After Function: 1789356293177
Scenario Reference does not exist in this project.  Creating.
Read meat and dairy production by type query
About to perform query: collection()/scenario
About to perform query: collection()/scenario[ (@name='Reference' and @date='2026-8-9T10:02:43+09:00') 
]/world/region/*[@type='sector' and (@name='Beef' or @name='SheepGoat' or @name='Pork' or @name='Dairy' or 
@name='Poultry')]// *[@type='output']/physical-output/node()
In Function: 1789356293876
After Function: 1789356294191
Scenario Reference does not exist in this project.  Creating.
Read demand balances by crop commodity query
About to perform query: collection()/scenario
About to perform query: collection()/scenario[ (@name='Reference' and @date='2026-8-9T10:02:43+09:00') 
]/world/region/*[@type='sector']//*[@type='input' and (@name='regional corn' or @name='regional fibercrop' or 
@name='regional fruits' or @name='regional legumes' or @name='regional misccrop' or @name='regional nuts_seeds' or 
@name='regional oilcrop' or @name='regional othergrain' or @name='regional oilpalm' or @name='regional rice' or 
@name='regional root_tuber' or @name='regional soybean' or @name='regional sugarcrop' or @name='regional vegetables' 
or @name='regional wheat' or @name='FodderGrass' or @name='FodderHerb' or @name='Forest' or @name='Pasture' or 
@name='regional sawnwood' or @name='regional woodpulp')]/ demand-physical/node()
In Function: 1789356294767
After Function: 1789356299823
Scenario Reference does not exist in this project.  Creating.
Read demand balances by meat and dairy commodity query
About to perform query: collection()/scenario
About to perform query: collection()/scenario[ (@name='Reference' and @date='2026-8-9T10:02:43+09:00') 
]/world/region/*[@type='sector']//*[@type='input' and (@name='regional beef' or @name='regional dairy' or 
@name='regional pork' or @name='regional poultry' or @name='regional sheepgoat' or @name='OtherMeat_Fish')]/ 
demand-physical/node()
In Function: 1789356300499
After Function: 1789356305372
Scenario Reference does not exist in this project.  Creating.
Read ammonia and N fertilizer prices query
About to perform query: collection()/scenario
About to perform query: collection()/scenario[ (@name='Reference' and @date='2026-8-9T10:02:43+09:00') 
]/world/region/*[@type='sector' and (@name='N fertilizer') or contains(@name, 'ammonia')]/cost/text()
In Function: 1789356305971
After Function: 1789356306131
Scenario Reference does not exist in this project.  Creating.
Read fertilizer consumption by region query
About to perform query: collection()/scenario
About to perform query: collection()/scenario[ (@name='Reference' and @date='2026-8-9T10:02:43+09:00') 
]/world/region/*[@type='sector' (:collapse:) and not (@name='Exports_N fertilizer')]// *[@type='input' and (@name='N 
fertilizer')]/demand-physical/node()
In Function: 1789356306720
After Function: 1789356312843
Scenario Reference does not exist in this project.  Creating.
Read purpose-grown biomass production query
About to perform query: collection()/scenario
About to perform query: collection()/scenario[ (@name='Reference' and @date='2026-8-9T10:02:43+09:00') 
]/world/region/*[@type='sector' and (@name='biomass')]//*[@type='output' (:collapse:)]/ physical-output/node()
In Function: 1789356314019
After Function: 1789356314753
Scenario Reference does not exist in this project.  Creating.
Read residue biomass production query
About to perform query: collection()/scenario
About to perform query: collection()/scenario[ (@name='Reference' and @date='2026-8-9T10:02:43+09:00') 
]/world/region/*[@type='sector' and not(@name='biomass')]//*[@type='output' and @name='biomass']/physical-output/node()
In Function: 1789356315339
After Function: 1789356321102
Scenario Reference does not exist in this project.  Creating.
Read MSW production query
About to perform query: collection()/scenario
About to perform query: collection()/scenario[ (@name='Reference' and @date='2026-8-9T10:02:43+09:00') 
]/world/region/*[@type='resource' and (@name='biomass')]//output/node()
In Function: 1789356322036
After Function: 1789356322182
Scenario Reference does not exist in this project.  Creating.
Read LUC emissions by region query
Didn't find builder for LUC emissions by region query going to use defaults
About to perform query: collection()/scenario
About to perform query: collection()/scenario[ (@name='Reference' and @date='2026-8-9T10:02:43+09:00') 
]/world/region//LandNode[@name='root' or @type='LandNode' (:collapse:)]// land-use-change-emission[@year>1970]/text()
In Function: 1789356322746
After Function: 1789356327940
Scenario Reference does not exist in this project.  Creating.
Read land allocation by crop and water source query
Didn't find builder for land allocation by crop and water source query going to use defaults
About to perform query: collection()/scenario
About to perform query:  declare function local:nest-land-category($leaf as node(), $level as xs:string, $child as 
node()*) as node() { let $attrMatch := $leaf/@*[name()=$level], $attrValue := if(exists($attrMatch)) then 
string($attrMatch) else "NA" return element { $level } { attribute name { $attrValue }, $child } }; declare function 
local:run-nest-land-categories($scenarios as xs:string*, $regions as xs:string*, $collection as xs:string*) as node()* 
{ let $regionsG := if(not($regions[1] = 'Global')) then $regions else 
distinct-values(collection($collection)/scenario/world/*[@type='region']/@name) return for $scenario in $scenarios, 
$region in $regionsG let $scenario_split := tokenize($scenario, ' '), $currTree := 
collection($collection)/scenario[@name = $scenario_split[1] and @date = $scenario_split[2]]/world/*[@type='region' and 
@name=$region], $landLeaves := $currTree//LandNode[@name='root' or @type='LandNode' (:collapse:)]//LandLeaf, $ret := 
document { element scenario { attribute name { $scenario_split[1] }, attribute date { $scenario_split[2] }, element 
region { attribute type { "region" }, attribute name { $region }, for $leaf in $landLeaves (: TODO: not sure why I 
have to explicitly copy the land-allocation :) let $copy := for $landAlloc in $leaf/land-allocation return element 
land-allocation { $landAlloc/@*, text { $landAlloc/text() } } (: A user could choose to nest by recursively calling 
for any of: ("crop", "land-region", "water", "mgmt-tech") :) return local:nest-land-category($leaf, "crop", 
local:nest-land-category($leaf, "water", $copy)) } } } return $ret//text() }; 
local:run-nest-land-categories(('Reference 2026-8-9T10:02:43+09:00'), ('Global'), ()) 
In Function: 1789356332023
After Function: 1789356340589
Scenario Reference does not exist in this project.  Creating.
Read aggregated land allocation query
Didn't find builder for aggregated land allocation query going to use defaults
About to perform query: collection()/scenario
About to perform query: collection()/scenario[ (@name='Reference' and @date='2026-8-9T10:02:43+09:00') 
]/world/region//LandNode[@name='root' or @type='LandNode' (:collapse:)]//land-allocation/text()
In Function: 1789356342892
After Function: 1789356348765
Scenario Reference does not exist in this project.  Creating.
Read CO2 prices query
About to perform query: collection()/scenario
About to perform query: collection()/scenario[ (@name='Reference' and @date='2026-8-9T10:02:43+09:00') 
]/world/Marketplace/market[true() and contains(@name,'CO2')]/price/node()
In Function: 1789356350730
After Function: 1789356350973
Read CO2 emissions by region query
About to perform query: collection()/scenario
About to perform query: collection()/scenario[ (@name='Reference' and @date='2026-8-9T10:02:43+09:00') 
]/world/region/*[@type = 'sector' (:collapse:) or @type = 'resource' (:collapse:)](: / *[@type = 'subresource' (: 
collapse :)] :)//*[((@name='CO2' or @name = 'CO2_FUG'))]/emissions/node()
In Function: 1789356351484
After Function: 1789356357938
Scenario Reference does not exist in this project.  Creating.
Read CO2 emissions by resource production query
About to perform query: collection()/scenario
About to perform query: collection()/scenario[ (@name='Reference' and @date='2026-8-9T10:02:43+09:00') 
]/world/region/*[@type = 'resource']//*[@type = 'GHG' and (@name = 'CO2' or @name = 'CO2_FUG')]/emissions/node()
In Function: 1789356358922
After Function: 1789356359659
Scenario Reference does not exist in this project.  Creating.
Read CO2 emissions by sector (no bio) (excluding resource production) query
About to perform query: collection()/scenario
About to perform query:  declare function local:append-heirarchy($parent as node(), $append as node()*) as node() { 
let $scn := $parent/ancestor::scenario, $rgn := $parent (: /ancestor::region :) return document { element scenario { 
$scn/@*, element region { $rgn/@*, $append } } } (: I can get by with just the scenario and region let $new_node := 
element {local-name($parent)} {$parent/@*, $append} return if(local-name($parent) != 'scenario') then 
local:append-heirarchy($parent/parent::*, $new_node) else document { $new_node } :) }; declare function 
local:get-carbon-coef($good as xs:string) as xs:decimal { let $carbonCoefs := ( <PrimaryFuelCO2Coef 
name="biomass">0</PrimaryFuelCO2Coef>, <PrimaryFuelCO2Coef name="coal">27.3</PrimaryFuelCO2Coef>, <PrimaryFuelCO2Coef 
name="crude oil">19.6</PrimaryFuelCO2Coef>, <PrimaryFuelCO2Coef name="delivered biomass">23</PrimaryFuelCO2Coef>, 
<PrimaryFuelCO2Coef name="delivered coal">27.3</PrimaryFuelCO2Coef>, <PrimaryFuelCO2Coef name="delivered 
gas">14.2</PrimaryFuelCO2Coef>, <PrimaryFuelCO2Coef name="gas pipeline">14.2</PrimaryFuelCO2Coef>, <PrimaryFuelCO2Coef 
name="gas processing">14.2</PrimaryFuelCO2Coef>, <PrimaryFuelCO2Coef name="limestone">0.08</PrimaryFuelCO2Coef>, 
<PrimaryFuelCO2Coef name="natural gas">14.2</PrimaryFuelCO2Coef>, <PrimaryFuelCO2Coef name="refined liquids 
enduse">19.6</PrimaryFuelCO2Coef>, <PrimaryFuelCO2Coef name="refined liquids industrial">19.6</PrimaryFuelCO2Coef>, 
<PrimaryFuelCO2Coef name="refining">19.6</PrimaryFuelCO2Coef>, <PrimaryFuelCO2Coef name="regional 
biomass">23</PrimaryFuelCO2Coef>, <PrimaryFuelCO2Coef name="regional biomassOil">19.6</PrimaryFuelCO2Coef>, 
<PrimaryFuelCO2Coef name="regional coal">27.3</PrimaryFuelCO2Coef>, <PrimaryFuelCO2Coef name="regional corn for 
ethanol">19.6</PrimaryFuelCO2Coef>, <PrimaryFuelCO2Coef name="regional natural gas">14.2</PrimaryFuelCO2Coef>, 
<PrimaryFuelCO2Coef name="regional oil">19.6</PrimaryFuelCO2Coef>, <PrimaryFuelCO2Coef name="regional sugar for 
ethanol">19.6</PrimaryFuelCO2Coef>, <PrimaryFuelCO2Coef name="regional woodpulp for energy">23</PrimaryFuelCO2Coef>, 
<PrimaryFuelCO2Coef name="traded unconventional oil">19.6</PrimaryFuelCO2Coef>, <PrimaryFuelCO2Coef 
name="unconventional oil">21.1</PrimaryFuelCO2Coef>, <PrimaryFuelCO2Coef name="unconventional oil 
production">19.6</PrimaryFuelCO2Coef>, <PrimaryFuelCO2Coef name="wholesale gas">14.2</PrimaryFuelCO2Coef>), $currCoef 
:= $carbonCoefs[@name=$good]/text() return if(exists($currCoef)) then $currCoef else 0.0 }; declare function 
local:is-carbonatious-fuel($good as xs:string) as xs:boolean { not(local:get-carbon-coef($good) = 0.0) }; declare 
function local:generate-sector-output-coefs($inputNameQueue as xs:string*, $currTree as node(), $coefs as node()*, 
$is_usa as xs:boolean) as node()* { if(empty($inputNameQueue)) then $coefs else if( exists($coefs[@name = 
$inputNameQueue[1]]) or exists(index-of(('traded unconventional oil'), $inputNameQueue[1])) or 
not($currTree/*[@type='sector' and @name=$inputNameQueue[1]]) or not(local:is-carbonatious-fuel($inputNameQueue[1]))) 
then local:generate-sector-output-coefs(remove($inputNameQueue, 1), $currTree, $coefs, $is_usa) else let $inputName := 
$inputNameQueue[1], $newInputNameQueue := remove($inputNameQueue, 1), $useInputs := $currTree//*[@type='input' and 
@name=$inputName], $useSectors := distinct-values($useInputs/ancestor::*[@type='sector']/@name), $totalInputSum := for 
$vintage in distinct-values($useInputs/demand-physical/@vintage) return element input { attribute vintage { $vintage 
}, text { sum($useInputs/demand-physical[@vintage=$vintage]) } }, $new_coefs := if(empty($useSectors)) then $coefs 
else $coefs | element sector { attribute name { $inputName }, for $output in $useSectors return element output { 
attribute name { $output }, for $inputSum in $totalInputSum let $currSectorInputs := 
$useInputs[ancestor::*[@type='sector' and @name=$output]], $outputSum := 
sum($currSectorInputs/demand-physical[@vintage=$inputSum/@vintage]), $carbonIn := 
sum($currSectorInputs/parent::*//carbon-content[@vintage=$inputSum/@vintage]), $carbonOut := 
sum($currSectorInputs/parent::*/output-primary/physical-output[@vintage=$inputSum/@vintage]) * 
local:get-carbon-coef($output) return (element share { attribute vintage { $inputSum/@vintage }, text { $outputSum div 
$inputSum } }, element carbon_ratio { attribute vintage { $inputSum/@vintage }, text{ if($carbonIn > 0) then 
$carbonOut div $carbonIn else 0 } }) } } return 
local:generate-sector-output-coefs(distinct-values(($newInputNameQueue, $useSectors)), $currTree, $new_coefs, $is_usa) 
}; declare function local:apply-coefs($outputName as xs:string, $emissions as node()*, $coefs as node()*) as node()* { 
if(exists($coefs[@name=$outputName]) and abs(sum($emissions)) > 0.001) then for $output in 
$coefs[@name=$outputName]/output let $emiss_go := for $year in distinct-values($emissions/@year) let $emissThisVintage 
:= $emissions[@year=$year], $firstEmiss := $emissThisVintage[1], $emissSum := sum($emissThisVintage), 
$shareThisVintage := $output/share[@vintage=$year], $carbonRatioThisVintage := $output/carbon_ratio[@vintage=$year], 
$coefThisVintage := $shareThisVintage * $carbonRatioThisVintage where $coefThisVintage > 0 return element { 
local-name($firstEmiss) } { $firstEmiss/@*, text{ $emissSum * $coefThisVintage } }, $emiss_stay := for $year in 
distinct-values($emissions/@year) let $emissThisVintage := $emissions[@year=$year], $firstEmiss := 
$emissThisVintage[1], $emissSum := sum($emissThisVintage), $shareThisVintage := $output/share[@vintage=$year], 
$carbonRatioThisVintage := 1.0 - $output/carbon_ratio[@vintage=$year], $coefThisVintage := $shareThisVintage * 
$carbonRatioThisVintage where $coefThisVintage > 0 return element { local-name($firstEmiss) } { $firstEmiss/@*, text{ 
$emissSum * $coefThisVintage } } return local:apply-coefs($output/@name, $emiss_go, $coefs) | element sector { 
attribute name { $output/@name}, attribute type { 'sector' }, $emiss_stay } else if( abs(sum($emissions)) > 0.001) 
then element sector { attribute name { $outputName }, attribute type { 'sector' }, $emissions } else (: These are the 
residuals from chasing simulenaties, I've left this here for debuging purposes :) element sector { attribute name { 
$outputName }, attribute type { 'sector' }(:, $emissions:) } }; declare function local:run-emiss-by-enduse($scenarios 
as xs:string*, $regions as xs:string*, $collection as xs:string*) as node()* { (:unordered { :) let $regionsG := 
if(not($regions[1] = 'Global')) then $regions else 
distinct-values(collection($collection)/scenario/world/*[@type='region']/@name) return for $scenario in $scenarios, 
$region in $regionsG let $scenario_split := tokenize($scenario, ' '), $currTree := 
collection($collection)/scenario[@name = $scenario_split[1] and @date = $scenario_split[2]]/world/*[@type='region' and 
@name=$region], $sector_emiss := $currTree/*[@type='sector' and not(@name='regional biomass' or @name='regional 
biomassOil' or @name='regional corn for ethanol' or @name='regional sugar for ethanol' or @name='regional sugarbeet 
for ethanol' or @name='regional woodpulp for energy')]//CO2[@type='GHG' (:collapse:) and 
@name='CO2']/emissions/text(), $currEmissSectors := $currTree/*[@type='sector' and (@name='regional biomass' or 
@name='regional biomassOil' or @name='regional corn for ethanol' or @name='regional sugar for ethanol' or 
@name='regional sugarbeet for ethanol' or @name='regional woodpulp for energy')], $coefs := 
local:generate-sector-output-coefs(distinct-values($currEmissSectors/@name), $currTree, (), false()), 
$downstream_emiss := for $sectorName in distinct-values($currEmissSectors/@name) return 
local:append-heirarchy($currTree, local:apply-coefs($sectorName, $currEmissSectors[@name=$sectorName]//CO2[@name='CO2' 
or @name='CO2_FUG']/emissions, $coefs))//text() return ($sector_emiss, $downstream_emiss ) (: } :) }; 
local:run-emiss-by-enduse(('Reference 2026-8-9T10:02:43+09:00'), ('Global'), ()) 
In Function: 1789356360279
